Archive member included to satisfy reference by file (symbol)

E:/ST/STM32CubeIDE_1.15.1/STM32CubeIDE/plugins/com.st.stm32cube.ide.mcu.externaltools.gnu-tools-for-stm32.12.3.rel1.win32_1.0.100.202403111256/tools/bin/../lib/gcc/arm-none-eabi/12.3.1/../../../../arm-none-eabi/lib/thumb/v7e-m+fp/hard\libc_nano.a(libc_a-exit.o)
                              E:/ST/STM32CubeIDE_1.15.1/STM32CubeIDE/plugins/com.st.stm32cube.ide.mcu.externaltools.gnu-tools-for-stm32.12.3.rel1.win32_1.0.100.202403111256/tools/bin/../lib/gcc/arm-none-eabi/12.3.1/../../../../arm-none-eabi/lib/thumb/v7e-m+fp/hard/crt0.o (exit)
E:/ST/STM32CubeIDE_1.15.1/STM32CubeIDE/plugins/com.st.stm32cube.ide.mcu.externaltools.gnu-tools-for-stm32.12.3.rel1.win32_1.0.100.202403111256/tools/bin/../lib/gcc/arm-none-eabi/12.3.1/../../../../arm-none-eabi/lib/thumb/v7e-m+fp/hard\libc_nano.a(libc_a-malloc.o)
                              ./Middlewares/ST/STM32_USB_Device_Library/Class/CDC/Src/usbd_cdc.o (malloc)
E:/ST/STM32CubeIDE_1.15.1/STM32CubeIDE/plugins/com.st.stm32cube.ide.mcu.externaltools.gnu-tools-for-stm32.12.3.rel1.win32_1.0.100.202403111256/tools/bin/../lib/gcc/arm-none-eabi/12.3.1/../../../../arm-none-eabi/lib/thumb/v7e-m+fp/hard\libc_nano.a(libc_a-mallocr.o)
                              E:/ST/STM32CubeIDE_1.15.1/STM32CubeIDE/plugins/com.st.stm32cube.ide.mcu.externaltools.gnu-tools-for-stm32.12.3.rel1.win32_1.0.100.202403111256/tools/bin/../lib/gcc/arm-none-eabi/12.3.1/../../../../arm-none-eabi/lib/thumb/v7e-m+fp/hard\libc_nano.a(libc_a-malloc.o) (_malloc_r)
E:/ST/STM32CubeIDE_1.15.1/STM32CubeIDE/plugins/com.st.stm32cube.ide.mcu.externaltools.gnu-tools-for-stm32.12.3.rel1.win32_1.0.100.202403111256/tools/bin/../lib/gcc/arm-none-eabi/12.3.1/../../../../arm-none-eabi/lib/thumb/v7e-m+fp/hard\libc_nano.a(libc_a-mlock.o)
                              E:/ST/STM32CubeIDE_1.15.1/STM32CubeIDE/plugins/com.st.stm32cube.ide.mcu.externaltools.gnu-tools-for-stm32.12.3.rel1.win32_1.0.100.202403111256/tools/bin/../lib/gcc/arm-none-eabi/12.3.1/../../../../arm-none-eabi/lib/thumb/v7e-m+fp/hard\libc_nano.a(libc_a-mallocr.o) (__malloc_lock)
E:/ST/STM32CubeIDE_1.15.1/STM32CubeIDE/plugins/com.st.stm32cube.ide.mcu.externaltools.gnu-tools-for-stm32.12.3.rel1.win32_1.0.100.202403111256/tools/bin/../lib/gcc/arm-none-eabi/12.3.1/../../../../arm-none-eabi/lib/thumb/v7e-m+fp/hard\libc_nano.a(libc_a-findfp.o)
                              E:/ST/STM32CubeIDE_1.15.1/STM32CubeIDE/plugins/com.st.stm32cube.ide.mcu.externaltools.gnu-tools-for-stm32.12.3.rel1.win32_1.0.100.202403111256/tools/bin/../lib/gcc/arm-none-eabi/12.3.1/../../../../arm-none-eabi/lib/thumb/v7e-m+fp/hard\libc_nano.a(libc_a-exit.o) (__stdio_exit_handler)
E:/ST/STM32CubeIDE_1.15.1/STM32CubeIDE/plugins/com.st.stm32cube.ide.mcu.externaltools.gnu-tools-for-stm32.12.3.rel1.win32_1.0.100.202403111256/tools/bin/../lib/gcc/arm-none-eabi/12.3.1/../../../../arm-none-eabi/lib/thumb/v7e-m+fp/hard\libc_nano.a(libc_a-fwalk.o)
                              E:/ST/STM32CubeIDE_1.15.1/STM32CubeIDE/plugins/com.st.stm32cube.ide.mcu.externaltools.gnu-tools-for-stm32.12.3.rel1.win32_1.0.100.202403111256/tools/bin/../lib/gcc/arm-none-eabi/12.3.1/../../../../arm-none-eabi/lib/thumb/v7e-m+fp/hard\libc_nano.a(libc_a-findfp.o) (_fwalk_sglue)
E:/ST/STM32CubeIDE_1.15.1/STM32CubeIDE/plugins/com.st.stm32cube.ide.mcu.externaltools.gnu-tools-for-stm32.12.3.rel1.win32_1.0.100.202403111256/tools/bin/../lib/gcc/arm-none-eabi/12.3.1/../../../../arm-none-eabi/lib/thumb/v7e-m+fp/hard\libc_nano.a(libc_a-stdio.o)
                              E:/ST/STM32CubeIDE_1.15.1/STM32CubeIDE/plugins/com.st.stm32cube.ide.mcu.externaltools.gnu-tools-for-stm32.12.3.rel1.win32_1.0.100.202403111256/tools/bin/../lib/gcc/arm-none-eabi/12.3.1/../../../../arm-none-eabi/lib/thumb/v7e-m+fp/hard\libc_nano.a(libc_a-findfp.o) (__sread)
E:/ST/STM32CubeIDE_1.15.1/STM32CubeIDE/plugins/com.st.stm32cube.ide.mcu.externaltools.gnu-tools-for-stm32.12.3.rel1.win32_1.0.100.202403111256/tools/bin/../lib/gcc/arm-none-eabi/12.3.1/../../../../arm-none-eabi/lib/thumb/v7e-m+fp/hard\libc_nano.a(libc_a-memset.o)
                              E:/ST/STM32CubeIDE_1.15.1/STM32CubeIDE/plugins/com.st.stm32cube.ide.mcu.externaltools.gnu-tools-for-stm32.12.3.rel1.win32_1.0.100.202403111256/tools/bin/../lib/gcc/arm-none-eabi/12.3.1/../../../../arm-none-eabi/lib/thumb/v7e-m+fp/hard/crt0.o (memset)
E:/ST/STM32CubeIDE_1.15.1/STM32CubeIDE/plugins/com.st.stm32cube.ide.mcu.externaltools.gnu-tools-for-stm32.12.3.rel1.win32_1.0.100.202403111256/tools/bin/../lib/gcc/arm-none-eabi/12.3.1/../../../../arm-none-eabi/lib/thumb/v7e-m+fp/hard\libc_nano.a(libc_a-closer.o)
                              E:/ST/STM32CubeIDE_1.15.1/STM32CubeIDE/plugins/com.st.stm32cube.ide.mcu.externaltools.gnu-tools-for-stm32.12.3.rel1.win32_1.0.100.202403111256/tools/bin/../lib/gcc/arm-none-eabi/12.3.1/../../../../arm-none-eabi/lib/thumb/v7e-m+fp/hard\libc_nano.a(libc_a-stdio.o) (_close_r)
[...]
Memory Configuration

Name             Origin             Length             Attributes
RAM              0x20000000         0x00040000         xrw
FLASH            0x08000000         0x00010000         xr
*default*        0x00000000         0xffffffff

Linker script and memory map

LOAD E:/ST/STM32CubeIDE_1.15.1/STM32CubeIDE/plugins/com.st.stm32cube.ide.mcu.externaltools.gnu-tools-for-stm32.12.3.rel1.win32_1.0.100.202403111256/tools/bin/../lib/gcc/arm-none-eabi/12.3.1/thumb/v7e-m+fp/hard/crti.o
LOAD E:/ST/STM32CubeIDE_1.15.1/STM32CubeIDE/plugins/com.st.stm32cube.ide.mcu.externaltools.gnu-tools-for-stm32.12.3.rel1.win32_1.0.100.202403111256/tools/bin/../lib/gcc/arm-none-eabi/12.3.1/thumb/v7e-m+fp/hard/crtbegin.o
LOAD E:/ST/STM32CubeIDE_1.15.1/STM32CubeIDE/plugins/com.st.stm32cube.ide.mcu.externaltools.gnu-tools-for-stm32.12.3.rel1.win32_1.0.100.202403111256/tools/bin/../lib/gcc/arm-none-eabi/12.3.1/../../../../arm-none-eabi/lib/thumb/v7e-m+fp/hard/crt0.o
LOAD ./Core/Src/main.o
LOAD ./Core/Src/stm32f7xx_hal_msp.o
LOAD ./Core/Src/stm32f7xx_it.o
LOAD ./Core/Src/syscalls.o
LOAD ./Core/Src/sysmem.o
LOAD ./Core/Src/system_stm32f7xx.o
LOAD ./Core/Startup/startup_stm32f730r8tx.o
LOAD ./Drivers/STM32F7xx_HAL_Driver/Src/stm32f7xx_hal.o
LOAD ./Drivers/STM32F7xx_HAL_Driver/Src/stm32f7xx_hal_cortex.o
LOAD ./Drivers/STM32F7xx_HAL_Driver/Src/stm32f7xx_hal_dma.o
LOAD ./Drivers/STM32F7xx_HAL_Driver/Src/stm32f7xx_hal_dma_ex.o
LOAD ./Drivers/STM32F7xx_HAL_Driver/Src/stm32f7xx_hal_exti.o
LOAD ./Drivers/STM32F7xx_HAL_Driver/Src/stm32f7xx_hal_flash.o
LOAD ./Drivers/STM32F7xx_HAL_Driver/Src/stm32f7xx_hal_flash_ex.o
LOAD ./Drivers/STM32F7xx_HAL_Driver/Src/stm32f7xx_hal_gpio.o
LOAD ./Drivers/STM32F7xx_HAL_Driver/Src/stm32f7xx_hal_i2c.o
LOAD ./Drivers/STM32F7xx_HAL_Driver/Src/stm32f7xx_hal_i2c_ex.o
LOAD ./Drivers/STM32F7xx_HAL_Driver/Src/stm32f7xx_hal_i2s.o
LOAD ./Drivers/STM32F7xx_HAL_Driver/Src/stm32f7xx_hal_pcd.o
LOAD ./Drivers/STM32F7xx_HAL_Driver/Src/stm32f7xx_hal_pcd_ex.o
LOAD ./Drivers/STM32F7xx_HAL_Driver/Src/stm32f7xx_hal_pwr.o
LOAD ./Drivers/STM32F7xx_HAL_Driver/Src/stm32f7xx_hal_pwr_ex.o
LOAD ./Drivers/STM32F7xx_HAL_Driver/Src/stm32f7xx_hal_rcc.o
LOAD ./Drivers/STM32F7xx_HAL_Driver/Src/stm32f7xx_hal_rcc_ex.o
LOAD ./Drivers/STM32F7xx_HAL_Driver/Src/stm32f7xx_hal_tim.o
LOAD ./Drivers/STM32F7xx_HAL_Driver/Src/stm32f7xx_hal_tim_ex.o
LOAD ./Drivers/STM32F7xx_HAL_Driver/Src/stm32f7xx_ll_usb.o
LOAD ./Middlewares/ST/STM32_USB_Device_Library/Class/CDC/Src/usbd_cdc.o
LOAD ./Middlewares/ST/STM32_USB_Device_Library/Core/Src/usbd_core.o
LOAD ./Middlewares/ST/STM32_USB_Device_Library/Core/Src/usbd_ctlreq.o
LOAD ./Middlewares/ST/STM32_USB_Device_Library/Core/Src/usbd_ioreq.o
LOAD ./USB_DEVICE/App/usb_device.o
LOAD ./USB_DEVICE/App/usbd_cdc_if.o
LOAD ./USB_DEVICE/App/usbd_desc.o
LOAD ./USB_DEVICE/Target/usbd_conf.o
START GROUP
LOAD E:/ST/STM32CubeIDE_1.15.1/STM32CubeIDE/plugins/com.st.stm32cube.ide.mcu.externaltools.gnu-tools-for-stm32.12.3.rel1.win32_1.0.100.202403111256/tools/bin/../lib/gcc/arm-none-eabi/12.3.1/../../../../arm-none-eabi/lib/thumb/v7e-m+fp/hard\libc_nano.a
LOAD E:/ST/STM32CubeIDE_1.15.1/STM32CubeIDE/plugins/com.st.stm32cube.ide.mcu.externaltools.gnu-tools-for-stm32.12.3.rel1.win32_1.0.100.202403111256/tools/bin/../lib/gcc/arm-none-eabi/12.3.1/../../../../arm-none-eabi/lib/thumb/v7e-m+fp/hard\libm.a
END GROUP
START GROUP
LOAD E:/ST/STM32CubeIDE_1.15.1/STM32CubeIDE/plugins/com.st.stm32cube.ide.mcu.externaltools.gnu-tools-for-stm32.12.3.rel1.win32_1.0.100.202403111256/tools/bin/../lib/gcc/arm-none-eabi/12.3.1/thumb/v7e-m+fp/hard\libgcc.a
LOAD E:/ST/STM32CubeIDE_1.15.1/STM32CubeIDE/plugins/com.st.stm32cube.ide.mcu.externaltools.gnu-tools-for-stm32.12.3.rel1.win32_1.0.100.202403111256/tools/bin/../lib/gcc/arm-none-eabi/12.3.1/../../../../arm-none-eabi/lib/thumb/v7e-m+fp/hard\libc_nano.a
END GROUP
START GROUP
LOAD E:/ST/STM32CubeIDE_1.15.1/STM32CubeIDE/plugins/com.st.stm32cube.ide.mcu.externaltools.gnu-tools-for-stm32.12.3.rel1.win32_1.0.100.202403111256/tools/bin/../lib/gcc/arm-none-eabi/12.3.1/thumb/v7e-m+fp/hard\libgcc.a
LOAD E:/ST/STM32CubeIDE_1.15.1/STM32CubeIDE/plugins/com.st.stm32cube.ide.mcu.externaltools.gnu-tools-for-stm32.12.3.rel1.win32_1.0.100.202403111256/tools/bin/../lib/gcc/arm-none-eabi/12.3.1/../../../../arm-none-eabi/lib/thumb/v7e-m+fp/hard\libc_nano.a
LOAD E:/ST/STM32CubeIDE_1.15.1/STM32CubeIDE/plugins/com.st.stm32cube.ide.mcu.externaltools.gnu-tools-for-stm32.12.3.rel1.win32_1.0.100.202403111256/tools/bin/../lib/gcc/arm-none-eabi/12.3.1/../../../../arm-none-eabi/lib/thumb/v7e-m+fp/hard\libnosys.a
END GROUP
START GROUP
LOAD E:/ST/STM32CubeIDE_1.15.1/STM32CubeIDE/plugins/com.st.stm32cube.ide.mcu.externaltools.gnu-tools-for-stm32.12.3.rel1.win32_1.0.100.202403111256/tools/bin/../lib/gcc/arm-none-eabi/12.3.1/thumb/v7e-m+fp/hard\libgcc.a
LOAD E:/ST/STM32CubeIDE_1.15.1/STM32CubeIDE/plugins/com.st.stm32cube.ide.mcu.externaltools.gnu-tools-for-stm32.12.3.rel1.win32_1.0.100.202403111256/tools/bin/../lib/gcc/arm-none-eabi/12.3.1/../../../../arm-none-eabi/lib/thumb/v7e-m+fp/hard\libc_nano.a
LOAD E:/ST/STM32CubeIDE_1.15.1/STM32CubeIDE/plugins/com.st.stm32cube.ide.mcu.externaltools.gnu-tools-for-stm32.12.3.rel1.win32_1.0.100.202403111256/tools/bin/../lib/gcc/arm-none-eabi/12.3.1/../../../../arm-none-eabi/lib/thumb/v7e-m+fp/hard\libnosys.a
END GROUP
LOAD E:/ST/STM32CubeIDE_1.15.1/STM32CubeIDE/plugins/com.st.stm32cube.ide.mcu.externaltools.gnu-tools-for-stm32.12.3.rel1.win32_1.0.100.202403111256/tools/bin/../lib/gcc/arm-none-eabi/12.3.1/thumb/v7e-m+fp/hard/crtend.o
LOAD E:/ST/STM32CubeIDE_1.15.1/STM32CubeIDE/plugins/com.st.stm32cube.ide.mcu.externaltools.gnu-tools-for-stm32.12.3.rel1.win32_1.0.100.202403111256/tools/bin/../lib/gcc/arm-none-eabi/12.3.1/thumb/v7e-m+fp/hard/crtn.o
                0x20040000                        _estack = (ORIGIN (RAM) + LENGTH (RAM))
                0x00002000                        _Min_Heap_Size = 0x2000
                0x00004000                        _Min_Stack_Size = 0x4000

.isr_vector     0x08000000      0x1e0
                0x08000000                        . = ALIGN (0x4)
 *(.isr_vector)
 .isr_vector    0x08000000      0x1e0 ./Core/Startup/startup_stm32f730r8tx.o
                0x08000000                g_pfnVectors
                0x080001e0                        . = ALIGN (0x4)

.text           0x080001e0     0x89e0
                0x080001e0                        . = ALIGN (0x4)
 *(.text)
 .text          0x080001e0       0x40 E:/ST/STM32CubeIDE_1.15.1/STM32CubeIDE/plugins/com.st.stm32cube.ide.mcu.externaltools.gnu-tools-for-stm32.12.3.rel1.win32_1.0.100.202403111256/tools/bin/../lib/gcc/arm-none-eabi/12.3.1/thumb/v7e-m+fp/hard/crtbegin.o
 .text          0x08000220       0x30 E:/ST/STM32CubeIDE_1.15.1/STM32CubeIDE/plugins/com.st.stm32cube.ide.mcu.externaltools.gnu-tools-for-stm32.12.3.rel1.win32_1.0.100.202403111256/tools/bin/../lib/gcc/arm-none-eabi/12.3.1/thumb/v7e-m+fp/hard\libgcc.a(_aeabi_uldivmod.o)
                0x08000220                __aeabi_uldivmod
 .text          0x08000250      0x2bc E:/ST/STM32CubeIDE_1.15.1/STM32CubeIDE/plugins/com.st.stm32cube.ide.mcu.externaltools.gnu-tools-for-stm32.12.3.rel1.win32_1.0.100.202403111256/tools/bin/../lib/gcc/arm-none-eabi/12.3.1/thumb/v7e-m+fp/hard\libgcc.a(_udivmoddi4.o)
                0x08000250                __udivmoddi4
 .text          0x0800050c        0x4 E:/ST/STM32CubeIDE_1.15.1/STM32CubeIDE/plugins/com.st.stm32cube.ide.mcu.externaltools.gnu-tools-for-stm32.12.3.rel1.win32_1.0.100.202403111256/tools/bin/../lib/gcc/arm-none-eabi/12.3.1/thumb/v7e-m+fp/hard\libgcc.a(_dvmd_tls.o)
                0x0800050c                __aeabi_idiv0
                0x0800050c                __aeabi_ldiv0
 *(.text*)
 .text.main     0x08000510       0x40 ./Core/Src/main.o
                0x08000510                main
 .text.SystemClock_Config
                0x08000550       0xdc ./Core/Src/main.o
                0x08000550                SystemClock_Config
 .text.MX_I2S1_Init
                0x0800062c       0x58 ./Core/Src/main.o
 .text.MX_DMA_Init
                0x08000684       0x3c ./Core/Src/main.o
 .text.MX_GPIO_Init
                0x080006c0       0xe4 ./Core/Src/main.o
 .text.HAL_I2S_RxHalfCpltCallback
                0x080007a4       0x88 ./Core/Src/main.o
                0x080007a4                HAL_I2S_RxHalfCpltCallback
 .text.HAL_I2S_RxCpltCallback
                0x0800082c       0x8c ./Core/Src/main.o
                0x0800082c                HAL_I2S_RxCpltCallback
 .text.MPU_Config
                0x080008b8       0x58 ./Core/Src/main.o
 .text.Error_Handler
                0x08000910        0xc ./Core/Src/main.o
                0x08000910                Error_Handler
 .text.HAL_MspInit
                0x0800091c       0x48 ./Core/Src/stm32f7xx_hal_msp.o
                0x0800091c                HAL_MspInit
 .text.HAL_I2S_MspInit
                0x08000964      0x138 ./Core/Src/stm32f7xx_hal_msp.o
                0x08000964                HAL_I2S_MspInit
 .text.NMI_Handler
                0x08000a9c        0x8 ./Core/Src/stm32f7xx_it.o
                0x08000a9c                NMI_Handler
 .text.HardFault_Handler
                0x08000aa4        0x8 ./Core/Src/stm32f7xx_it.o
                0x08000aa4                HardFault_Handler
 .text.MemManage_Handler
                0x08000aac        0x8 ./Core/Src/stm32f7xx_it.o
                0x08000aac                MemManage_Handler
 .text.BusFault_Handler
                0x08000ab4        0x8 ./Core/Src/stm32f7xx_it.o
                0x08000ab4                BusFault_Handler
 .text.UsageFault_Handler
                0x08000abc        0x8 ./Core/Src/stm32f7xx_it.o
                0x08000abc                UsageFault_Handler
 .text.SVC_Handler
                0x08000ac4        0xe ./Core/Src/stm32f7xx_it.o
                0x08000ac4                SVC_Handler
 .text.DebugMon_Handler
                0x08000ad2        0xe ./Core/Src/stm32f7xx_it.o
                0x08000ad2                DebugMon_Handler
 .text.PendSV_Handler
                0x08000ae0        0xe ./Core/Src/stm32f7xx_it.o
                0x08000ae0                PendSV_Handler
 .text.SysTick_Handler
                0x08000aee        0xc ./Core/Src/stm32f7xx_it.o
                0x08000aee                SysTick_Handler
 *fill*         0x08000afa        0x2 
 .text.DMA2_Stream0_IRQHandler
                0x08000afc       0x14 ./Core/Src/stm32f7xx_it.o
                0x08000afc                DMA2_Stream0_IRQHandler
 .text.OTG_FS_IRQHandler
                0x08000b10       0x14 ./Core/Src/stm32f7xx_it.o
                0x08000b10                OTG_FS_IRQHandler
 .text._sbrk    0x08000b24       0x6c ./Core/Src/sysmem.o
                0x08000b24                _sbrk
 .text.SystemInit
                0x08000b90       0x24 ./Core/Src/system_stm32f7xx.o
                0x08000b90                SystemInit
 .text.Reset_Handler
                0x08000bb4       0x50 ./Core/Startup/startup_stm32f730r8tx.o
                0x08000bb4                Reset_Handler
 .text.Default_Handler
                0x08000c04        0x2 ./Core/Startup/startup_stm32f730r8tx.o
                0x08000c04                RTC_Alarm_IRQHandler
                0x08000c04                EXTI2_IRQHandler
                0x08000c04                TIM8_CC_IRQHandler
                0x08000c04                UART8_IRQHandler
                0x08000c04                SPI4_IRQHandler
                0x08000c04                TIM1_CC_IRQHandler
                0x08000c04                DMA2_Stream5_IRQHandler
                0x08000c04                DMA1_Stream5_IRQHandler
                0x08000c04                PVD_IRQHandler
                0x08000c04                TAMP_STAMP_IRQHandler
                0x08000c04                EXTI3_IRQHandler
                0x08000c04                TIM8_TRG_COM_TIM14_IRQHandler
                0x08000c04                TIM1_UP_TIM10_IRQHandler
                0x08000c04                TIM8_UP_TIM13_IRQHandler
                0x08000c04                I2C3_ER_IRQHandler
                0x08000c04                EXTI0_IRQHandler
                0x08000c04                I2C2_EV_IRQHandler
                0x08000c04                DMA1_Stream2_IRQHandler
                0x08000c04                CAN1_RX0_IRQHandler
                0x08000c04                FPU_IRQHandler
                0x08000c04                OTG_HS_WKUP_IRQHandler
                0x08000c04                DMA2_Stream2_IRQHandler
                0x08000c04                SPI1_IRQHandler
                0x08000c04                TIM6_DAC_IRQHandler
                0x08000c04                TIM1_BRK_TIM9_IRQHandler
                0x08000c04                DMA2_Stream3_IRQHandler
                0x08000c04                SAI2_IRQHandler
                0x08000c04                USART6_IRQHandler
                0x08000c04                USART3_IRQHandler
                0x08000c04                CAN1_RX1_IRQHandler
                0x08000c04                UART5_IRQHandler
                0x08000c04                TIM4_IRQHandler
                0x08000c04                QUADSPI_IRQHandler
                0x08000c04                I2C1_EV_IRQHandler
                0x08000c04                DMA1_Stream6_IRQHandler
                0x08000c04                DMA1_Stream1_IRQHandler
                0x08000c04                UART4_IRQHandler
                0x08000c04                TIM3_IRQHandler
                0x08000c04                RCC_IRQHandler
                0x08000c04                TIM8_BRK_TIM12_IRQHandler
                0x08000c04                Default_Handler
                0x08000c04                EXTI15_10_IRQHandler
                0x08000c04                ADC_IRQHandler
                0x08000c04                DMA1_Stream7_IRQHandler
                0x08000c04                SPI5_IRQHandler
                0x08000c04                TIM7_IRQHandler
                0x08000c04                SDMMC1_IRQHandler
                0x08000c04                TIM5_IRQHandler
                0x08000c04                DMA2_Stream7_IRQHandler
                0x08000c04                I2C3_EV_IRQHandler
                0x08000c04                EXTI9_5_IRQHandler
                0x08000c04                RTC_WKUP_IRQHandler
                0x08000c04                SPI2_IRQHandler
                0x08000c04                OTG_HS_EP1_IN_IRQHandler
                0x08000c04                DMA1_Stream0_IRQHandler
                0x08000c04                CAN1_TX_IRQHandler
                0x08000c04                EXTI4_IRQHandler
                0x08000c04                RNG_IRQHandler
                0x08000c04                OTG_HS_EP1_OUT_IRQHandler
                0x08000c04                WWDG_IRQHandler
                0x08000c04                TIM2_IRQHandler
                0x08000c04                OTG_FS_WKUP_IRQHandler
                0x08000c04                TIM1_TRG_COM_TIM11_IRQHandler
                0x08000c04                OTG_HS_IRQHandler
                0x08000c04                EXTI1_IRQHandler
                0x08000c04                SDMMC2_IRQHandler
                0x08000c04                AES_IRQHandler
                0x08000c04                UART7_IRQHandler
                0x08000c04                USART2_IRQHandler
                0x08000c04                I2C2_ER_IRQHandler
                0x08000c04                DMA2_Stream1_IRQHandler
                0x08000c04                CAN1_SCE_IRQHandler
                0x08000c04                FLASH_IRQHandler
                0x08000c04                DMA2_Stream4_IRQHandler
                0x08000c04                USART1_IRQHandler
                0x08000c04                SPI3_IRQHandler
                0x08000c04                DMA1_Stream4_IRQHandler
                0x08000c04                I2C1_ER_IRQHandler
                0x08000c04                FMC_IRQHandler
                0x08000c04                LPTIM1_IRQHandler
                0x08000c04                DMA2_Stream6_IRQHandler
                0x08000c04                SAI1_IRQHandler
                0x08000c04                DMA1_Stream3_IRQHandler
 .text.HAL_Init
                0x08000c06       0x1a ./Drivers/STM32F7xx_HAL_Driver/Src/stm32f7xx_hal.o
                0x08000c06                HAL_Init
 .text.HAL_InitTick
                0x08000c20       0x60 ./Drivers/STM32F7xx_HAL_Driver/Src/stm32f7xx_hal.o
                0x08000c20                HAL_InitTick
 .text.HAL_IncTick
                0x08000c80       0x28 ./Drivers/STM32F7xx_HAL_Driver/Src/stm32f7xx_hal.o
                0x08000c80                HAL_IncTick
 .text.HAL_GetTick
                0x08000ca8       0x18 ./Drivers/STM32F7xx_HAL_Driver/Src/stm32f7xx_hal.o
                0x08000ca8                HAL_GetTick
 .text.HAL_Delay
                0x08000cc0       0x48 ./Drivers/STM32F7xx_HAL_Driver/Src/stm32f7xx_hal.o
                0x08000cc0                HAL_Delay
 .text.__NVIC_SetPriorityGrouping
                0x08000d08       0x48 ./Drivers/STM32F7xx_HAL_Driver/Src/stm32f7xx_hal_cortex.o
 .text.__NVIC_GetPriorityGrouping
                0x08000d50       0x1c ./Drivers/STM32F7xx_HAL_Driver/Src/stm32f7xx_hal_cortex.o
 .text.__NVIC_EnableIRQ
                0x08000d6c       0x3c ./Drivers/STM32F7xx_HAL_Driver/Src/stm32f7xx_hal_cortex.o
 .text.__NVIC_SetPriority
                0x08000da8       0x54 ./Drivers/STM32F7xx_HAL_Driver/Src/stm32f7xx_hal_cortex.o
 .text.NVIC_EncodePriority
                0x08000dfc       0x66 ./Drivers/STM32F7xx_HAL_Driver/Src/stm32f7xx_hal_cortex.o
 *fill*         0x08000e62        0x2 
 .text.SysTick_Config
                0x08000e64       0x44 ./Drivers/STM32F7xx_HAL_Driver/Src/stm32f7xx_hal_cortex.o
 .text.HAL_NVIC_SetPriorityGrouping
                0x08000ea8       0x16 ./Drivers/STM32F7xx_HAL_Driver/Src/stm32f7xx_hal_cortex.o
                0x08000ea8                HAL_NVIC_SetPriorityGrouping
 .text.HAL_NVIC_SetPriority
                0x08000ebe       0x38 ./Drivers/STM32F7xx_HAL_Driver/Src/stm32f7xx_hal_cortex.o
                0x08000ebe                HAL_NVIC_SetPriority
 .text.HAL_NVIC_EnableIRQ
                0x08000ef6       0x1c ./Drivers/STM32F7xx_HAL_Driver/Src/stm32f7xx_hal_cortex.o
                0x08000ef6                HAL_NVIC_EnableIRQ
 .text.HAL_SYSTICK_Config
                0x08000f12       0x18 ./Drivers/STM32F7xx_HAL_Driver/Src/stm32f7xx_hal_cortex.o
                0x08000f12                HAL_SYSTICK_Config
 *fill*         0x08000f2a        0x2 
 .text.HAL_MPU_Disable
                0x08000f2c       0x30 ./Drivers/STM32F7xx_HAL_Driver/Src/stm32f7xx_hal_cortex.o
                0x08000f2c                HAL_MPU_Disable
 .text.HAL_MPU_Enable
                0x08000f5c       0x40 ./Drivers/STM32F7xx_HAL_Driver/Src/stm32f7xx_hal_cortex.o
                0x08000f5c                HAL_MPU_Enable
 .text.HAL_MPU_ConfigRegion
                0x08000f9c       0x88 ./Drivers/STM32F7xx_HAL_Driver/Src/stm32f7xx_hal_cortex.o
                0x08000f9c                HAL_MPU_ConfigRegion
 .text.HAL_DMA_Init
                0x08001024      0x15c ./Drivers/STM32F7xx_HAL_Driver/Src/stm32f7xx_hal_dma.o
                0x08001024                HAL_DMA_Init
 .text.HAL_DMA_Start_IT
                0x08001180       0xc0 ./Drivers/STM32F7xx_HAL_Driver/Src/stm32f7xx_hal_dma.o
                0x08001180                HAL_DMA_Start_IT
 .text.HAL_DMA_IRQHandler
                0x08001240      0x314 ./Drivers/STM32F7xx_HAL_Driver/Src/stm32f7xx_hal_dma.o
                0x08001240                HAL_DMA_IRQHandler
 .text.DMA_SetConfig
                0x08001554       0x5c ./Drivers/STM32F7xx_HAL_Driver/Src/stm32f7xx_hal_dma.o
 .text.DMA_CalcBaseAndBitshift
                0x080015b0       0x6c ./Drivers/STM32F7xx_HAL_Driver/Src/stm32f7xx_hal_dma.o
 .text.DMA_CheckFifoParam
                0x0800161c       0xf8 ./Drivers/STM32F7xx_HAL_Driver/Src/stm32f7xx_hal_dma.o
 .text.HAL_GPIO_Init
                0x08001714      0x338 ./Drivers/STM32F7xx_HAL_Driver/Src/stm32f7xx_hal_gpio.o
                0x08001714                HAL_GPIO_Init
 .text.HAL_GPIO_WritePin
                0x08001a4c       0x32 ./Drivers/STM32F7xx_HAL_Driver/Src/stm32f7xx_hal_gpio.o
                0x08001a4c                HAL_GPIO_WritePin
 *fill*         0x08001a7e        0x2 
 .text.HAL_I2S_Init
                0x08001a80      0x1cc ./Drivers/STM32F7xx_HAL_Driver/Src/stm32f7xx_hal_i2s.o
                0x08001a80                HAL_I2S_Init
 .text.HAL_I2S_Receive_DMA
                0x08001c4c      0x178 ./Drivers/STM32F7xx_HAL_Driver/Src/stm32f7xx_hal_i2s.o
                0x08001c4c                HAL_I2S_Receive_DMA
 .text.HAL_I2S_ErrorCallback
                0x08001dc4       0x14 ./Drivers/STM32F7xx_HAL_Driver/Src/stm32f7xx_hal_i2s.o
                0x08001dc4                HAL_I2S_ErrorCallback
 .text.I2S_GetClockFreq
                0x08001dd8       0x98 ./Drivers/STM32F7xx_HAL_Driver/Src/stm32f7xx_hal_i2s.o
 .text.I2S_DMARxCplt
                0x08001e70       0x42 ./Drivers/STM32F7xx_HAL_Driver/Src/stm32f7xx_hal_i2s.o
 .text.I2S_DMARxHalfCplt
                0x08001eb2       0x1c ./Drivers/STM32F7xx_HAL_Driver/Src/stm32f7xx_hal_i2s.o
 .text.I2S_DMAError
                0x08001ece       0x4c ./Drivers/STM32F7xx_HAL_Driver/Src/stm32f7xx_hal_i2s.o
 .text.HAL_PCD_Init
                0x08001f1a      0x248 ./Drivers/STM32F7xx_HAL_Driver/Src/stm32f7xx_hal_pcd.o
                0x08001f1a                HAL_PCD_Init
 .text.HAL_PCD_Start
                0x08002162       0x44 ./Drivers/STM32F7xx_HAL_Driver/Src/stm32f7xx_hal_pcd.o
                0x08002162                HAL_PCD_Start
 .text.HAL_PCD_IRQHandler
                0x080021a6      0x998 ./Drivers/STM32F7xx_HAL_Driver/Src/stm32f7xx_hal_pcd.o
                0x080021a6                HAL_PCD_IRQHandler
 .text.HAL_PCD_SetAddress
                0x08002b3e       0x4a ./Drivers/STM32F7xx_HAL_Driver/Src/stm32f7xx_hal_pcd.o
                0x08002b3e                HAL_PCD_SetAddress
 .text.HAL_PCD_EP_Open
                0x08002b88       0xd0 ./Drivers/STM32F7xx_HAL_Driver/Src/stm32f7xx_hal_pcd.o
                0x08002b88                HAL_PCD_EP_Open
 .text.HAL_PCD_EP_Close
                0x08002c58       0x94 ./Drivers/STM32F7xx_HAL_Driver/Src/stm32f7xx_hal_pcd.o
                0x08002c58                HAL_PCD_EP_Close
 .text.HAL_PCD_EP_Receive
                0x08002cec       0x96 ./Drivers/STM32F7xx_HAL_Driver/Src/stm32f7xx_hal_pcd.o
                0x08002cec                HAL_PCD_EP_Receive
 .text.HAL_PCD_EP_GetRxCount
                0x08002d82       0x30 ./Drivers/STM32F7xx_HAL_Driver/Src/stm32f7xx_hal_pcd.o
                0x08002d82                HAL_PCD_EP_GetRxCount
 .text.HAL_PCD_EP_Transmit
                0x08002db2       0x94 ./Drivers/STM32F7xx_HAL_Driver/Src/stm32f7xx_hal_pcd.o
                0x08002db2                HAL_PCD_EP_Transmit
 .text.HAL_PCD_EP_SetStall
                0x08002e46       0xc8 ./Drivers/STM32F7xx_HAL_Driver/Src/stm32f7xx_hal_pcd.o
                0x08002e46                HAL_PCD_EP_SetStall
 .text.HAL_PCD_EP_ClrStall
                0x08002f0e       0xac ./Drivers/STM32F7xx_HAL_Driver/Src/stm32f7xx_hal_pcd.o
                0x08002f0e                HAL_PCD_EP_ClrStall
 .text.HAL_PCD_EP_Abort
                0x08002fba       0x62 ./Drivers/STM32F7xx_HAL_Driver/Src/stm32f7xx_hal_pcd.o
                0x08002fba                HAL_PCD_EP_Abort
 .text.PCD_WriteEmptyTxFifo
                0x0800301c      0x11a ./Drivers/STM32F7xx_HAL_Driver/Src/stm32f7xx_hal_pcd.o
 *fill*         0x08003136        0x2 
 .text.PCD_EP_OutXfrComplete_int
                0x08003138      0x1d0 ./Drivers/STM32F7xx_HAL_Driver/Src/stm32f7xx_hal_pcd.o
 .text.PCD_EP_OutSetupPacket_int
                0x08003308       0x8c ./Drivers/STM32F7xx_HAL_Driver/Src/stm32f7xx_hal_pcd.o
 .text.HAL_PCDEx_SetTxFiFo
                0x08003394       0x8e ./Drivers/STM32F7xx_HAL_Driver/Src/stm32f7xx_hal_pcd_ex.o
                0x08003394                HAL_PCDEx_SetTxFiFo
 .text.HAL_PCDEx_SetRxFiFo
                0x08003422       0x22 ./Drivers/STM32F7xx_HAL_Driver/Src/stm32f7xx_hal_pcd_ex.o
                0x08003422                HAL_PCDEx_SetRxFiFo
 .text.HAL_PCDEx_ActivateLPM
                0x08003444       0x48 ./Drivers/STM32F7xx_HAL_Driver/Src/stm32f7xx_hal_pcd_ex.o
                0x08003444                HAL_PCDEx_ActivateLPM
 .text.HAL_PWREx_EnableOverDrive
                0x0800348c       0xa0 ./Drivers/STM32F7xx_HAL_Driver/Src/stm32f7xx_hal_pwr_ex.o
                0x0800348c                HAL_PWREx_EnableOverDrive
 .text.HAL_RCC_OscConfig
                0x0800352c      0x548 ./Drivers/STM32F7xx_HAL_Driver/Src/stm32f7xx_hal_rcc.o
                0x0800352c                HAL_RCC_OscConfig
 .text.HAL_RCC_ClockConfig
                0x08003a74      0x1d8 ./Drivers/STM32F7xx_HAL_Driver/Src/stm32f7xx_hal_rcc.o
                0x08003a74                HAL_RCC_ClockConfig
 .text.HAL_RCC_GetSysClockFreq
                0x08003c4c      0x18c ./Drivers/STM32F7xx_HAL_Driver/Src/stm32f7xx_hal_rcc.o
                0x08003c4c                HAL_RCC_GetSysClockFreq
 .text.HAL_RCC_GetHCLKFreq
                0x08003dd8       0x18 ./Drivers/STM32F7xx_HAL_Driver/Src/stm32f7xx_hal_rcc.o
                0x08003dd8                HAL_RCC_GetHCLKFreq
 .text.HAL_RCCEx_PeriphCLKConfig
                0x08003df0      0x694 ./Drivers/STM32F7xx_HAL_Driver/Src/stm32f7xx_hal_rcc_ex.o
                0x08003df0                HAL_RCCEx_PeriphCLKConfig
 .text.USB_CoreInit
                0x08004484      0x12c ./Drivers/STM32F7xx_HAL_Driver/Src/stm32f7xx_ll_usb.o
                0x08004484                USB_CoreInit
 .text.USB_SetTurnaroundTime
                0x080045b0      0x144 ./Drivers/STM32F7xx_HAL_Driver/Src/stm32f7xx_ll_usb.o
                0x080045b0                USB_SetTurnaroundTime
 .text.USB_EnableGlobalInt
                0x080046f4       0x22 ./Drivers/STM32F7xx_HAL_Driver/Src/stm32f7xx_ll_usb.o
                0x080046f4                USB_EnableGlobalInt
 .text.USB_DisableGlobalInt
                0x08004716       0x22 ./Drivers/STM32F7xx_HAL_Driver/Src/stm32f7xx_ll_usb.o
                0x08004716                USB_DisableGlobalInt
 .text.USB_SetCurrentMode
                0x08004738       0x98 ./Drivers/STM32F7xx_HAL_Driver/Src/stm32f7xx_ll_usb.o
                0x08004738                USB_SetCurrentMode
 .text.USB_DevInit
                0x080047d0      0x2dc ./Drivers/STM32F7xx_HAL_Driver/Src/stm32f7xx_ll_usb.o
                0x080047d0                USB_DevInit
 .text.USB_FlushTxFifo
                0x08004aac       0x68 ./Drivers/STM32F7xx_HAL_Driver/Src/stm32f7xx_ll_usb.o
                0x08004aac                USB_FlushTxFifo
 .text.USB_FlushRxFifo
                0x08004b14       0x60 ./Drivers/STM32F7xx_HAL_Driver/Src/stm32f7xx_ll_usb.o
                0x08004b14                USB_FlushRxFifo
 .text.USB_SetDevSpeed
                0x08004b74       0x32 ./Drivers/STM32F7xx_HAL_Driver/Src/stm32f7xx_ll_usb.o
                0x08004b74                USB_SetDevSpeed
 .text.USB_GetDevSpeed
                0x08004ba6       0x4a ./Drivers/STM32F7xx_HAL_Driver/Src/stm32f7xx_ll_usb.o
                0x08004ba6                USB_GetDevSpeed
 .text.USB_ActivateEndpoint
                0x08004bf0      0x110 ./Drivers/STM32F7xx_HAL_Driver/Src/stm32f7xx_ll_usb.o
                0x08004bf0                USB_ActivateEndpoint
 .text.USB_DeactivateEndpoint
                0x08004d00      0x1b8 ./Drivers/STM32F7xx_HAL_Driver/Src/stm32f7xx_ll_usb.o
                0x08004d00                USB_DeactivateEndpoint
 .text.USB_EPStartXfer
                0x08004eb8      0x4a0 ./Drivers/STM32F7xx_HAL_Driver/Src/stm32f7xx_ll_usb.o
                0x08004eb8                USB_EPStartXfer
 .text.USB_EP0StartXfer
                0x08005358      0x2b8 ./Drivers/STM32F7xx_HAL_Driver/Src/stm32f7xx_ll_usb.o
                0x08005358                USB_EP0StartXfer
 .text.USB_EPStopXfer
                0x08005610      0x154 ./Drivers/STM32F7xx_HAL_Driver/Src/stm32f7xx_ll_usb.o
                0x08005610                USB_EPStopXfer
 .text.USB_WritePacket
                0x08005764       0x7c ./Drivers/STM32F7xx_HAL_Driver/Src/stm32f7xx_ll_usb.o
                0x08005764                USB_WritePacket
 .text.USB_ReadPacket
                0x080057e0       0xb0 ./Drivers/STM32F7xx_HAL_Driver/Src/stm32f7xx_ll_usb.o
                0x080057e0                USB_ReadPacket
 .text.USB_EPSetStall
                0x08005890       0xdc ./Drivers/STM32F7xx_HAL_Driver/Src/stm32f7xx_ll_usb.o
                0x08005890                USB_EPSetStall
 .text.USB_EPClearStall
                0x0800596c       0xcc ./Drivers/STM32F7xx_HAL_Driver/Src/stm32f7xx_ll_usb.o
                0x0800596c                USB_EPClearStall
 .text.USB_SetDevAddress
                0x08005a38       0x4c ./Drivers/STM32F7xx_HAL_Driver/Src/stm32f7xx_ll_usb.o
                0x08005a38                USB_SetDevAddress
 .text.USB_DevConnect
                0x08005a84       0x42 ./Drivers/STM32F7xx_HAL_Driver/Src/stm32f7xx_ll_usb.o
                0x08005a84                USB_DevConnect
 .text.USB_DevDisconnect
                0x08005ac6       0x42 ./Drivers/STM32F7xx_HAL_Driver/Src/stm32f7xx_ll_usb.o
                0x08005ac6                USB_DevDisconnect
 .text.USB_ReadInterrupts
                0x08005b08       0x26 ./Drivers/STM32F7xx_HAL_Driver/Src/stm32f7xx_ll_usb.o
                0x08005b08                USB_ReadInterrupts
 .text.USB_ReadDevAllOutEpInterrupt
                0x08005b2e       0x34 ./Drivers/STM32F7xx_HAL_Driver/Src/stm32f7xx_ll_usb.o
                0x08005b2e                USB_ReadDevAllOutEpInterrupt
 .text.USB_ReadDevAllInEpInterrupt
                0x08005b62       0x34 ./Drivers/STM32F7xx_HAL_Driver/Src/stm32f7xx_ll_usb.o
                0x08005b62                USB_ReadDevAllInEpInterrupt
 .text.USB_ReadDevOutEPInterrupt
                0x08005b96       0x3c ./Drivers/STM32F7xx_HAL_Driver/Src/stm32f7xx_ll_usb.o
                0x08005b96                USB_ReadDevOutEPInterrupt
 .text.USB_ReadDevInEPInterrupt
                0x08005bd2       0x5c ./Drivers/STM32F7xx_HAL_Driver/Src/stm32f7xx_ll_usb.o
                0x08005bd2                USB_ReadDevInEPInterrupt
 .text.USB_GetMode
                0x08005c2e       0x1c ./Drivers/STM32F7xx_HAL_Driver/Src/stm32f7xx_ll_usb.o
                0x08005c2e                USB_GetMode
 *fill*         0x08005c4a        0x2 
 .text.USB_ActivateSetup
                0x08005c4c       0x48 ./Drivers/STM32F7xx_HAL_Driver/Src/stm32f7xx_ll_usb.o
                0x08005c4c                USB_ActivateSetup
 .text.USB_EP0_OutStart
                0x08005c94       0xbc ./Drivers/STM32F7xx_HAL_Driver/Src/stm32f7xx_ll_usb.o
                0x08005c94                USB_EP0_OutStart
 .text.USB_CoreReset
                0x08005d50       0x68 ./Drivers/STM32F7xx_HAL_Driver/Src/stm32f7xx_ll_usb.o
 .text.USB_HS_PHYCInit
                0x08005db8       0x70 ./Drivers/STM32F7xx_HAL_Driver/Src/stm32f7xx_ll_usb.o
 .text.USBD_CDC_Init
                0x08005e28      0x1f0 ./Middlewares/ST/STM32_USB_Device_Library/Class/CDC/Src/usbd_cdc.o
 .text.USBD_CDC_DeInit
                0x08006018      0x104 ./Middlewares/ST/STM32_USB_Device_Library/Class/CDC/Src/usbd_cdc.o
 .text.USBD_CDC_Setup
                0x0800611c      0x1b8 ./Middlewares/ST/STM32_USB_Device_Library/Class/CDC/Src/usbd_cdc.o
 .text.USBD_CDC_DataIn
                0x080062d4       0xfe ./Middlewares/ST/STM32_USB_Device_Library/Class/CDC/Src/usbd_cdc.o
 .text.USBD_CDC_DataOut
                0x080063d2       0x70 ./Middlewares/ST/STM32_USB_Device_Library/Class/CDC/Src/usbd_cdc.o
 .text.USBD_CDC_EP0_RxReady
                0x08006442       0x74 ./Middlewares/ST/STM32_USB_Device_Library/Class/CDC/Src/usbd_cdc.o
 *fill*         0x080064b6        0x2 
 .text.USBD_CDC_GetFSCfgDesc
                0x080064b8       0x70 ./Middlewares/ST/STM32_USB_Device_Library/Class/CDC/Src/usbd_cdc.o
 .text.USBD_CDC_GetHSCfgDesc
                0x08006528       0x70 ./Middlewares/ST/STM32_USB_Device_Library/Class/CDC/Src/usbd_cdc.o
 .text.USBD_CDC_GetOtherSpeedCfgDesc
                0x08006598       0x70 ./Middlewares/ST/STM32_USB_Device_Library/Class/CDC/Src/usbd_cdc.o
 .text.USBD_CDC_GetDeviceQualifierDescriptor
                0x08006608       0x20 ./Middlewares/ST/STM32_USB_Device_Library/Class/CDC/Src/usbd_cdc.o
                0x08006608                USBD_CDC_GetDeviceQualifierDescriptor
 .text.USBD_CDC_RegisterInterface
                0x08006628       0x34 ./Middlewares/ST/STM32_USB_Device_Library/Class/CDC/Src/usbd_cdc.o
                0x08006628                USBD_CDC_RegisterInterface
 .text.USBD_CDC_SetTxBuffer
                0x0800665c       0x44 ./Middlewares/ST/STM32_USB_Device_Library/Class/CDC/Src/usbd_cdc.o
                0x0800665c                USBD_CDC_SetTxBuffer
 .text.USBD_CDC_SetRxBuffer
                0x080066a0       0x3a ./Middlewares/ST/STM32_USB_Device_Library/Class/CDC/Src/usbd_cdc.o
                0x080066a0                USBD_CDC_SetRxBuffer
 *fill*         0x080066da        0x2 
 .text.USBD_CDC_TransmitPacket
                0x080066dc       0x80 ./Middlewares/ST/STM32_USB_Device_Library/Class/CDC/Src/usbd_cdc.o
                0x080066dc                USBD_CDC_TransmitPacket
 .text.USBD_CDC_ReceivePacket
                0x0800675c       0x6c ./Middlewares/ST/STM32_USB_Device_Library/Class/CDC/Src/usbd_cdc.o
                0x0800675c                USBD_CDC_ReceivePacket
 .text.USBD_Init
                0x080067c8       0x60 ./Middlewares/ST/STM32_USB_Device_Library/Core/Src/usbd_core.o
                0x080067c8                USBD_Init
 .text.USBD_RegisterClass
                0x08006828       0x6c ./Middlewares/ST/STM32_USB_Device_Library/Core/Src/usbd_core.o
                0x08006828                USBD_RegisterClass
 .text.USBD_Start
                0x08006894       0x18 ./Middlewares/ST/STM32_USB_Device_Library/Core/Src/usbd_core.o
                0x08006894                USBD_Start
 .text.USBD_RunTestMode
                0x080068ac       0x16 ./Middlewares/ST/STM32_USB_Device_Library/Core/Src/usbd_core.o
                0x080068ac                USBD_RunTestMode
 .text.USBD_SetClassConfig
                0x080068c2       0x38 ./Middlewares/ST/STM32_USB_Device_Library/Core/Src/usbd_core.o
                0x080068c2                USBD_SetClassConfig
 .text.USBD_ClrClassConfig
                0x080068fa       0x34 ./Middlewares/ST/STM32_USB_Device_Library/Core/Src/usbd_core.o
                0x080068fa                USBD_ClrClassConfig
 .text.USBD_LL_SetupStage
                0x0800692e       0xaa ./Middlewares/ST/STM32_USB_Device_Library/Core/Src/usbd_core.o
                0x0800692e                USBD_LL_SetupStage
 .text.USBD_LL_DataOutStage
                0x080069d8      0x166 ./Middlewares/ST/STM32_USB_Device_Library/Core/Src/usbd_core.o
                0x080069d8                USBD_LL_DataOutStage
 .text.USBD_LL_DataInStage
                0x08006b3e      0x164 ./Middlewares/ST/STM32_USB_Device_Library/Core/Src/usbd_core.o
                0x08006b3e                USBD_LL_DataInStage
 .text.USBD_LL_Reset
                0x08006ca2       0xa4 ./Middlewares/ST/STM32_USB_Device_Library/Core/Src/usbd_core.o
                0x08006ca2                USBD_LL_Reset
 .text.USBD_LL_SetSpeed
                0x08006d46       0x20 ./Middlewares/ST/STM32_USB_Device_Library/Core/Src/usbd_core.o
                0x08006d46                USBD_LL_SetSpeed
 .text.USBD_LL_Suspend
                0x08006d66       0x2c ./Middlewares/ST/STM32_USB_Device_Library/Core/Src/usbd_core.o
                0x08006d66                USBD_LL_Suspend
 .text.USBD_LL_Resume
                0x08006d92       0x30 ./Middlewares/ST/STM32_USB_Device_Library/Core/Src/usbd_core.o
                0x08006d92                USBD_LL_Resume
 .text.USBD_LL_SOF
                0x08006dc2       0x40 ./Middlewares/ST/STM32_USB_Device_Library/Core/Src/usbd_core.o
                0x08006dc2                USBD_LL_SOF
 .text.USBD_LL_IsoINIncomplete
                0x08006e02       0x64 ./Middlewares/ST/STM32_USB_Device_Library/Core/Src/usbd_core.o
                0x08006e02                USBD_LL_IsoINIncomplete
 .text.USBD_LL_IsoOUTIncomplete
                0x08006e66       0x64 ./Middlewares/ST/STM32_USB_Device_Library/Core/Src/usbd_core.o
                0x08006e66                USBD_LL_IsoOUTIncomplete
 .text.USBD_LL_DevConnected
                0x08006eca       0x16 ./Middlewares/ST/STM32_USB_Device_Library/Core/Src/usbd_core.o
                0x08006eca                USBD_LL_DevConnected
 .text.USBD_LL_DevDisconnected
                0x08006ee0       0x46 ./Middlewares/ST/STM32_USB_Device_Library/Core/Src/usbd_core.o
                0x08006ee0                USBD_LL_DevDisconnected
 .text.USBD_CoreFindIF
                0x08006f26       0x1a ./Middlewares/ST/STM32_USB_Device_Library/Core/Src/usbd_core.o
                0x08006f26                USBD_CoreFindIF
 .text.USBD_CoreFindEP
                0x08006f40       0x1a ./Middlewares/ST/STM32_USB_Device_Library/Core/Src/usbd_core.o
                0x08006f40                USBD_CoreFindEP
 .text.USBD_GetEpDesc
                0x08006f5a       0x70 ./Middlewares/ST/STM32_USB_Device_Library/Core/Src/usbd_core.o
                0x08006f5a                USBD_GetEpDesc
 .text.USBD_GetNextDesc
                0x08006fca       0x38 ./Middlewares/ST/STM32_USB_Device_Library/Core/Src/usbd_core.o
                0x08006fca                USBD_GetNextDesc
 .text.SWAPBYTE
                0x08007002       0x3c ./Middlewares/ST/STM32_USB_Device_Library/Core/Src/usbd_ctlreq.o
 *fill*         0x0800703e        0x2 
 .text.USBD_StdDevReq
                0x08007040       0xe4 ./Middlewares/ST/STM32_USB_Device_Library/Core/Src/usbd_ctlreq.o
                0x08007040                USBD_StdDevReq
 .text.USBD_StdItfReq
                0x08007124       0xd8 ./Middlewares/ST/STM32_USB_Device_Library/Core/Src/usbd_ctlreq.o
                0x08007124                USBD_StdItfReq
 .text.USBD_StdEPReq
                0x080071fc      0x33a ./Middlewares/ST/STM32_USB_Device_Library/Core/Src/usbd_ctlreq.o
                0x080071fc                USBD_StdEPReq
 *fill*         0x08007536        0x2 
 .text.USBD_GetDescriptor
                0x08007538      0x328 ./Middlewares/ST/STM32_USB_Device_Library/Core/Src/usbd_ctlreq.o
 .text.USBD_SetAddress
                0x08007860       0x88 ./Middlewares/ST/STM32_USB_Device_Library/Core/Src/usbd_ctlreq.o
 .text.USBD_SetConfig
                0x080078e8      0x154 ./Middlewares/ST/STM32_USB_Device_Library/Core/Src/usbd_ctlreq.o
 .text.USBD_GetConfig
                0x08007a3c       0x6c ./Middlewares/ST/STM32_USB_Device_Library/Core/Src/usbd_ctlreq.o
 .text.USBD_GetStatus
                0x08007aa8       0x68 ./Middlewares/ST/STM32_USB_Device_Library/Core/Src/usbd_ctlreq.o
 .text.USBD_SetFeature
                0x08007b10       0x52 ./Middlewares/ST/STM32_USB_Device_Library/Core/Src/usbd_ctlreq.o
 .text.USBD_ClrFeature
                0x08007b62       0x44 ./Middlewares/ST/STM32_USB_Device_Library/Core/Src/usbd_ctlreq.o
 .text.USBD_ParseSetupRequest
                0x08007ba6       0x74 ./Middlewares/ST/STM32_USB_Device_Library/Core/Src/usbd_ctlreq.o
                0x08007ba6                USBD_ParseSetupRequest
 .text.USBD_CtlError
                0x08007c1a       0x22 ./Middlewares/ST/STM32_USB_Device_Library/Core/Src/usbd_ctlreq.o
                0x08007c1a                USBD_CtlError
 .text.USBD_GetString
                0x08007c3c       0x8c ./Middlewares/ST/STM32_USB_Device_Library/Core/Src/usbd_ctlreq.o
                0x08007c3c                USBD_GetString
 .text.USBD_GetLen
                0x08007cc8       0x34 ./Middlewares/ST/STM32_USB_Device_Library/Core/Src/usbd_ctlreq.o
 .text.USBD_CtlSendData
                0x08007cfc       0x36 ./Middlewares/ST/STM32_USB_Device_Library/Core/Src/usbd_ioreq.o
                0x08007cfc                USBD_CtlSendData
 .text.USBD_CtlContinueSendData
                0x08007d32       0x22 ./Middlewares/ST/STM32_USB_Device_Library/Core/Src/usbd_ioreq.o
                0x08007d32                USBD_CtlContinueSendData
 .text.USBD_CtlPrepareRx
                0x08007d54       0x3a ./Middlewares/ST/STM32_USB_Device_Library/Core/Src/usbd_ioreq.o
                0x08007d54                USBD_CtlPrepareRx
 .text.USBD_CtlContinueRx
                0x08007d8e       0x22 ./Middlewares/ST/STM32_USB_Device_Library/Core/Src/usbd_ioreq.o
                0x08007d8e                USBD_CtlContinueRx
 .text.USBD_CtlSendStatus
                0x08007db0       0x26 ./Middlewares/ST/STM32_USB_Device_Library/Core/Src/usbd_ioreq.o
                0x08007db0                USBD_CtlSendStatus
 .text.USBD_CtlReceiveStatus
                0x08007dd6       0x26 ./Middlewares/ST/STM32_USB_Device_Library/Core/Src/usbd_ioreq.o
                0x08007dd6                USBD_CtlReceiveStatus
 .text.MX_USB_DEVICE_Init
                0x08007dfc       0x60 ./USB_DEVICE/App/usb_device.o
                0x08007dfc                MX_USB_DEVICE_Init
 .text.CDC_Init_FS
                0x08007e5c       0x28 ./USB_DEVICE/App/usbd_cdc_if.o
 .text.CDC_DeInit_FS
                0x08007e84       0x10 ./USB_DEVICE/App/usbd_cdc_if.o
 .text.CDC_Control_FS
                0x08007e94       0xbc ./USB_DEVICE/App/usbd_cdc_if.o
 .text.CDC_Receive_FS
                0x08007f50       0x28 ./USB_DEVICE/App/usbd_cdc_if.o
 .text.CDC_Transmit_FS
                0x08007f78       0x4c ./USB_DEVICE/App/usbd_cdc_if.o
                0x08007f78                CDC_Transmit_FS
 .text.CDC_TransmitCplt_FS
                0x08007fc4       0x22 ./USB_DEVICE/App/usbd_cdc_if.o
 *fill*         0x08007fe6        0x2 
 .text.USBD_FS_DeviceDescriptor
                0x08007fe8       0x24 ./USB_DEVICE/App/usbd_desc.o
                0x08007fe8                USBD_FS_DeviceDescriptor
 .text.USBD_FS_LangIDStrDescriptor
                0x0800800c       0x24 ./USB_DEVICE/App/usbd_desc.o
                0x0800800c                USBD_FS_LangIDStrDescriptor
 .text.USBD_FS_ProductStrDescriptor
                0x08008030       0x3c ./USB_DEVICE/App/usbd_desc.o
                0x08008030                USBD_FS_ProductStrDescriptor
 .text.USBD_FS_ManufacturerStrDescriptor
                0x0800806c       0x28 ./USB_DEVICE/App/usbd_desc.o
                0x0800806c                USBD_FS_ManufacturerStrDescriptor
 .text.USBD_FS_SerialStrDescriptor
                0x08008094       0x24 ./USB_DEVICE/App/usbd_desc.o
                0x08008094                USBD_FS_SerialStrDescriptor
 .text.USBD_FS_ConfigStrDescriptor
                0x080080b8       0x3c ./USB_DEVICE/App/usbd_desc.o
                0x080080b8                USBD_FS_ConfigStrDescriptor
 .text.USBD_FS_InterfaceStrDescriptor
                0x080080f4       0x3c ./USB_DEVICE/App/usbd_desc.o
                0x080080f4                USBD_FS_InterfaceStrDescriptor
 .text.USBD_FS_USR_BOSDescriptor
                0x08008130       0x24 ./USB_DEVICE/App/usbd_desc.o
                0x08008130                USBD_FS_USR_BOSDescriptor
 .text.Get_SerialNum
                0x08008154       0x58 ./USB_DEVICE/App/usbd_desc.o
 .text.IntToUnicode
                0x080081ac       0x7e ./USB_DEVICE/App/usbd_desc.o
 *fill*         0x0800822a        0x2 
 .text.HAL_PCD_MspInit
                0x0800822c       0xe4 ./USB_DEVICE/Target/usbd_conf.o
                0x0800822c                HAL_PCD_MspInit
 .text.HAL_PCD_SetupStageCallback
                0x08008310       0x24 ./USB_DEVICE/Target/usbd_conf.o
                0x08008310                HAL_PCD_SetupStageCallback
 .text.HAL_PCD_DataOutStageCallback
                0x08008334       0x36 ./USB_DEVICE/Target/usbd_conf.o
                0x08008334                HAL_PCD_DataOutStageCallback
 .text.HAL_PCD_DataInStageCallback
                0x0800836a       0x34 ./USB_DEVICE/Target/usbd_conf.o
                0x0800836a                HAL_PCD_DataInStageCallback
 .text.HAL_PCD_SOFCallback
                0x0800839e       0x1c ./USB_DEVICE/Target/usbd_conf.o
                0x0800839e                HAL_PCD_SOFCallback
 .text.HAL_PCD_ResetCallback
                0x080083ba       0x50 ./USB_DEVICE/Target/usbd_conf.o
                0x080083ba                HAL_PCD_ResetCallback
 *fill*         0x0800840a        0x2 
 .text.HAL_PCD_SuspendCallback
                0x0800840c       0x4c ./USB_DEVICE/Target/usbd_conf.o
                0x0800840c                HAL_PCD_SuspendCallback
 .text.HAL_PCD_ResumeCallback
                0x08008458       0x1c ./USB_DEVICE/Target/usbd_conf.o
                0x08008458                HAL_PCD_ResumeCallback
 .text.HAL_PCD_ISOOUTIncompleteCallback
                0x08008474       0x24 ./USB_DEVICE/Target/usbd_conf.o
                0x08008474                HAL_PCD_ISOOUTIncompleteCallback
 .text.HAL_PCD_ISOINIncompleteCallback
                0x08008498       0x24 ./USB_DEVICE/Target/usbd_conf.o
                0x08008498                HAL_PCD_ISOINIncompleteCallback
 .text.HAL_PCD_ConnectCallback
                0x080084bc       0x1c ./USB_DEVICE/Target/usbd_conf.o
                0x080084bc                HAL_PCD_ConnectCallback
 .text.HAL_PCD_DisconnectCallback
                0x080084d8       0x1c ./USB_DEVICE/Target/usbd_conf.o
                0x080084d8                HAL_PCD_DisconnectCallback
 .text.USBD_LL_Init
                0x080084f4       0xa0 ./USB_DEVICE/Target/usbd_conf.o
                0x080084f4                USBD_LL_Init
 .text.USBD_LL_Start
                0x08008594       0x36 ./USB_DEVICE/Target/usbd_conf.o
                0x08008594                USBD_LL_Start
 .text.USBD_LL_OpenEP
                0x080085ca       0x4c ./USB_DEVICE/Target/usbd_conf.o
                0x080085ca                USBD_LL_OpenEP
 .text.USBD_LL_CloseEP
                0x08008616       0x3e ./USB_DEVICE/Target/usbd_conf.o
                0x08008616                USBD_LL_CloseEP
 .text.USBD_LL_StallEP
                0x08008654       0x3e ./USB_DEVICE/Target/usbd_conf.o
                0x08008654                USBD_LL_StallEP
 .text.USBD_LL_ClearStallEP
                0x08008692       0x3e ./USB_DEVICE/Target/usbd_conf.o
                0x08008692                USBD_LL_ClearStallEP
 .text.USBD_LL_IsStallEP
                0x080086d0       0x58 ./USB_DEVICE/Target/usbd_conf.o
                0x080086d0                USBD_LL_IsStallEP
 .text.USBD_LL_SetUSBAddress
                0x08008728       0x3e ./USB_DEVICE/Target/usbd_conf.o
                0x08008728                USBD_LL_SetUSBAddress
 .text.USBD_LL_Transmit
                0x08008766       0x42 ./USB_DEVICE/Target/usbd_conf.o
                0x08008766                USBD_LL_Transmit
 .text.USBD_LL_PrepareReceive
                0x080087a8       0x42 ./USB_DEVICE/Target/usbd_conf.o
                0x080087a8                USBD_LL_PrepareReceive
 .text.USBD_LL_GetRxDataSize
                0x080087ea       0x26 ./USB_DEVICE/Target/usbd_conf.o
                0x080087ea                USBD_LL_GetRxDataSize
 .text.HAL_PCDEx_LPM_Callback
                0x08008810       0x9c ./USB_DEVICE/Target/usbd_conf.o
                0x08008810                HAL_PCDEx_LPM_Callback
 .text.SystemClockConfig_Resume
                0x080088ac        0xc ./USB_DEVICE/Target/usbd_conf.o
 .text.USBD_Get_USB_Status
                0x080088b8       0x58 ./USB_DEVICE/Target/usbd_conf.o
                0x080088b8                USBD_Get_USB_Status
 .text.malloc   0x08008910       0x10 E:/ST/STM32CubeIDE_1.15.1/STM32CubeIDE/plugins/com.st.stm32cube.ide.mcu.externaltools.gnu-tools-for-stm32.12.3.rel1.win32_1.0.100.202403111256/tools/bin/../lib/gcc/arm-none-eabi/12.3.1/../../../../arm-none-eabi/lib/thumb/v7e-m+fp/hard\libc_nano.a(libc_a-malloc.o)
                0x08008910                malloc
 .text.free     0x08008920       0x10 E:/ST/STM32CubeIDE_1.15.1/STM32CubeIDE/plugins/com.st.stm32cube.ide.mcu.externaltools.gnu-tools-for-stm32.12.3.rel1.win32_1.0.100.202403111256/tools/bin/../lib/gcc/arm-none-eabi/12.3.1/../../../../arm-none-eabi/lib/thumb/v7e-m+fp/hard\libc_nano.a(libc_a-malloc.o)
                0x08008920                free
 .text.sbrk_aligned
                0x08008930       0x44 E:/ST/STM32CubeIDE_1.15.1/STM32CubeIDE/plugins/com.st.stm32cube.ide.mcu.externaltools.gnu-tools-for-stm32.12.3.rel1.win32_1.0.100.202403111256/tools/bin/../lib/gcc/arm-none-eabi/12.3.1/../../../../arm-none-eabi/lib/thumb/v7e-m+fp/hard\libc_nano.a(libc_a-mallocr.o)
 .text._malloc_r
                0x08008974      0x100 E:/ST/STM32CubeIDE_1.15.1/STM32CubeIDE/plugins/com.st.stm32cube.ide.mcu.externaltools.gnu-tools-for-stm32.12.3.rel1.win32_1.0.100.202403111256/tools/bin/../lib/gcc/arm-none-eabi/12.3.1/../../../../arm-none-eabi/lib/thumb/v7e-m+fp/hard\libc_nano.a(libc_a-mallocr.o)
                0x08008974                _malloc_r
 .text.__malloc_lock
                0x08008a74        0xc E:/ST/STM32CubeIDE_1.15.1/STM32CubeIDE/plugins/com.st.stm32cube.ide.mcu.externaltools.gnu-tools-for-stm32.12.3.rel1.win32_1.0.100.202403111256/tools/bin/../lib/gcc/arm-none-eabi/12.3.1/../../../../arm-none-eabi/lib/thumb/v7e-m+fp/hard\libc_nano.a(libc_a-mlock.o)
                0x08008a74                __malloc_lock
 .text.__malloc_unlock
                0x08008a80        0xc E:/ST/STM32CubeIDE_1.15.1/STM32CubeIDE/plugins/com.st.stm32cube.ide.mcu.externaltools.gnu-tools-for-stm32.12.3.rel1.win32_1.0.100.202403111256/tools/bin/../lib/gcc/arm-none-eabi/12.3.1/../../../../arm-none-eabi/lib/thumb/v7e-m+fp/hard\libc_nano.a(libc_a-mlock.o)
                0x08008a80                __malloc_unlock
 .text.memset   0x08008a8c       0x10 E:/ST/STM32CubeIDE_1.15.1/STM32CubeIDE/plugins/com.st.stm32cube.ide.mcu.externaltools.gnu-tools-for-stm32.12.3.rel1.win32_1.0.100.202403111256/tools/bin/../lib/gcc/arm-none-eabi/12.3.1/../../../../arm-none-eabi/lib/thumb/v7e-m+fp/hard\libc_nano.a(libc_a-memset.o)
                0x08008a8c                memset
 .text._sbrk_r  0x08008a9c       0x20 E:/ST/STM32CubeIDE_1.15.1/STM32CubeIDE/plugins/com.st.stm32cube.ide.mcu.externaltools.gnu-tools-for-stm32.12.3.rel1.win32_1.0.100.202403111256/tools/bin/../lib/gcc/arm-none-eabi/12.3.1/../../../../arm-none-eabi/lib/thumb/v7e-m+fp/hard\libc_nano.a(libc_a-sbrkr.o)
                0x08008a9c                _sbrk_r
 .text.__errno  0x08008abc        0xc E:/ST/STM32CubeIDE_1.15.1/STM32CubeIDE/plugins/com.st.stm32cube.ide.mcu.externaltools.gnu-tools-for-stm32.12.3.rel1.win32_1.0.100.202403111256/tools/bin/../lib/gcc/arm-none-eabi/12.3.1/../../../../arm-none-eabi/lib/thumb/v7e-m+fp/hard\libc_nano.a(libc_a-errno.o)
                0x08008abc                __errno
 .text.__libc_init_array
                0x08008ac8       0x48 E:/ST/STM32CubeIDE_1.15.1/STM32CubeIDE/plugins/com.st.stm32cube.ide.mcu.externaltools.gnu-tools-for-stm32.12.3.rel1.win32_1.0.100.202403111256/tools/bin/../lib/gcc/arm-none-eabi/12.3.1/../../../../arm-none-eabi/lib/thumb/v7e-m+fp/hard\libc_nano.a(libc_a-init.o)
                0x08008ac8                __libc_init_array
 .text.__retarget_lock_acquire_recursive
                0x08008b10        0x2 E:/ST/STM32CubeIDE_1.15.1/STM32CubeIDE/plugins/com.st.stm32cube.ide.mcu.externaltools.gnu-tools-for-stm32.12.3.rel1.win32_1.0.100.202403111256/tools/bin/../lib/gcc/arm-none-eabi/12.3.1/../../../../arm-none-eabi/lib/thumb/v7e-m+fp/hard\libc_nano.a(libc_a-lock.o)
                0x08008b10                __retarget_lock_acquire_recursive
 .text.__retarget_lock_release_recursive
                0x08008b12        0x2 E:/ST/STM32CubeIDE_1.15.1/STM32CubeIDE/plugins/com.st.stm32cube.ide.mcu.externaltools.gnu-tools-for-stm32.12.3.rel1.win32_1.0.100.202403111256/tools/bin/../lib/gcc/arm-none-eabi/12.3.1/../../../../arm-none-eabi/lib/thumb/v7e-m+fp/hard\libc_nano.a(libc_a-lock.o)
                0x08008b12                __retarget_lock_release_recursive
 .text._free_r  0x08008b14       0x94 E:/ST/STM32CubeIDE_1.15.1/STM32CubeIDE/plugins/com.st.stm32cube.ide.mcu.externaltools.gnu-tools-for-stm32.12.3.rel1.win32_1.0.100.202403111256/tools/bin/../lib/gcc/arm-none-eabi/12.3.1/../../../../arm-none-eabi/lib/thumb/v7e-m+fp/hard\libc_nano.a(libc_a-freer.o)
                0x08008b14                _free_r
 *(.glue_7)
 .glue_7        0x08008ba8        0x0 linker stubs
 *(.glue_7t)
 .glue_7t       0x08008ba8        0x0 linker stubs
 *(.eh_frame)
 .eh_frame      0x08008ba8        0x0 E:/ST/STM32CubeIDE_1.15.1/STM32CubeIDE/plugins/com.st.stm32cube.ide.mcu.externaltools.gnu-tools-for-stm32.12.3.rel1.win32_1.0.100.202403111256/tools/bin/../lib/gcc/arm-none-eabi/12.3.1/thumb/v7e-m+fp/hard/crtbegin.o
 *(.init)
 .init          0x08008ba8        0x4 E:/ST/STM32CubeIDE_1.15.1/STM32CubeIDE/plugins/com.st.stm32cube.ide.mcu.externaltools.gnu-tools-for-stm32.12.3.rel1.win32_1.0.100.202403111256/tools/bin/../lib/gcc/arm-none-eabi/12.3.1/thumb/v7e-m+fp/hard/crti.o
                0x08008ba8                _init
 .init          0x08008bac        0x8 E:/ST/STM32CubeIDE_1.15.1/STM32CubeIDE/plugins/com.st.stm32cube.ide.mcu.externaltools.gnu-tools-for-stm32.12.3.rel1.win32_1.0.100.202403111256/tools/bin/../lib/gcc/arm-none-eabi/12.3.1/thumb/v7e-m+fp/hard/crtn.o
 *(.fini)
 .fini          0x08008bb4        0x4 E:/ST/STM32CubeIDE_1.15.1/STM32CubeIDE/plugins/com.st.stm32cube.ide.mcu.externaltools.gnu-tools-for-stm32.12.3.rel1.win32_1.0.100.202403111256/tools/bin/../lib/gcc/arm-none-eabi/12.3.1/thumb/v7e-m+fp/hard/crti.o
                0x08008bb4                _fini
 .fini          0x08008bb8        0x8 E:/ST/STM32CubeIDE_1.15.1/STM32CubeIDE/plugins/com.st.stm32cube.ide.mcu.externaltools.gnu-tools-for-stm32.12.3.rel1.win32_1.0.100.202403111256/tools/bin/../lib/gcc/arm-none-eabi/12.3.1/thumb/v7e-m+fp/hard/crtn.o
                0x08008bc0                        . = ALIGN (0x4)
                0x08008bc0                        _etext = .

.vfp11_veneer   0x08008bc0        0x0
 .vfp11_veneer  0x08008bc0        0x0 linker stubs

.v4_bx          0x08008bc0        0x0
 .v4_bx         0x08008bc0        0x0 linker stubs

.iplt           0x08008bc0        0x0
 .iplt          0x08008bc0        0x0 E:/ST/STM32CubeIDE_1.15.1/STM32CubeIDE/plugins/com.st.stm32cube.ide.mcu.externaltools.gnu-tools-for-stm32.12.3.rel1.win32_1.0.100.202403111256/tools/bin/../lib/gcc/arm-none-eabi/12.3.1/thumb/v7e-m+fp/hard/crtbegin.o

.rodata         0x08008bc0       0x64
                0x08008bc0                        . = ALIGN (0x4)
 *(.rodata)
 .rodata        0x08008bc0       0x4a ./USB_DEVICE/App/usbd_desc.o
 *(.rodata*)
 *fill*         0x08008c0a        0x2 
 .rodata.AHBPrescTable
                0x08008c0c       0x10 ./Core/Src/system_stm32f7xx.o
                0x08008c0c                AHBPrescTable
 .rodata.flagBitshiftOffset.0
                0x08008c1c        0x8 ./Drivers/STM32F7xx_HAL_Driver/Src/stm32f7xx_hal_dma.o
                0x08008c24                        . = ALIGN (0x4)

.ARM.extab      0x08008c24        0x0
                0x08008c24                        . = ALIGN (0x4)
 *(.ARM.extab* .gnu.linkonce.armextab.*)
                0x08008c24                        . = ALIGN (0x4)

.ARM            0x08008c24        0x8
                0x08008c24                        . = ALIGN (0x4)
                0x08008c24                        __exidx_start = .
 *(.ARM.exidx*)
 .ARM.exidx     0x08008c24        0x8 E:/ST/STM32CubeIDE_1.15.1/STM32CubeIDE/plugins/com.st.stm32cube.ide.mcu.externaltools.gnu-tools-for-stm32.12.3.rel1.win32_1.0.100.202403111256/tools/bin/../lib/gcc/arm-none-eabi/12.3.1/thumb/v7e-m+fp/hard\libgcc.a(_udivmoddi4.o)
                0x08008c2c                        __exidx_end = .
                0x08008c2c                        . = ALIGN (0x4)

.preinit_array  0x08008c2c        0x0
                0x08008c2c                        . = ALIGN (0x4)
                0x08008c2c                        PROVIDE (__preinit_array_start = .)
 *(.preinit_array*)
                0x08008c2c                        PROVIDE (__preinit_array_end = .)
                0x08008c2c                        . = ALIGN (0x4)

.init_array     0x08008c2c        0x4
                0x08008c2c                        . = ALIGN (0x4)
                0x08008c2c                        PROVIDE (__init_array_start = .)
 *(SORT_BY_NAME(.init_array.*))
 *(.init_array*)
 .init_array    0x08008c2c        0x4 E:/ST/STM32CubeIDE_1.15.1/STM32CubeIDE/plugins/com.st.stm32cube.ide.mcu.externaltools.gnu-tools-for-stm32.12.3.rel1.win32_1.0.100.202403111256/tools/bin/../lib/gcc/arm-none-eabi/12.3.1/thumb/v7e-m+fp/hard/crtbegin.o
                0x08008c30                        PROVIDE (__init_array_end = .)
                0x08008c30                        . = ALIGN (0x4)

.fini_array     0x08008c30        0x4
                0x08008c30                        . = ALIGN (0x4)
                [!provide]                        PROVIDE (__fini_array_start = .)
 *(SORT_BY_NAME(.fini_array.*))
 *(.fini_array*)
 .fini_array    0x08008c30        0x4 E:/ST/STM32CubeIDE_1.15.1/STM32CubeIDE/plugins/com.st.stm32cube.ide.mcu.externaltools.gnu-tools-for-stm32.12.3.rel1.win32_1.0.100.202403111256/tools/bin/../lib/gcc/arm-none-eabi/12.3.1/thumb/v7e-m+fp/hard/crtbegin.o
                [!provide]                        PROVIDE (__fini_array_end = .)
                0x08008c34                        . = ALIGN (0x4)
                0x08008c34                        _sidata = LOADADDR (.data)

.rel.dyn        0x08008c34        0x0
 .rel.iplt      0x08008c34        0x0 E:/ST/STM32CubeIDE_1.15.1/STM32CubeIDE/plugins/com.st.stm32cube.ide.mcu.externaltools.gnu-tools-for-stm32.12.3.rel1.win32_1.0.100.202403111256/tools/bin/../lib/gcc/arm-none-eabi/12.3.1/thumb/v7e-m+fp/hard/crtbegin.o

.data           0x20000000      0x15c load address 0x08008c34
                0x20000000                        . = ALIGN (0x4)
                0x20000000                        _sdata = .
 *(.data)
 *(.data*)
 .data.SystemCoreClock
                0x20000000        0x4 ./Core/Src/system_stm32f7xx.o
                0x20000000                SystemCoreClock
 .data.uwTickPrio
                0x20000004        0x4 ./Drivers/STM32F7xx_HAL_Driver/Src/stm32f7xx_hal.o
                0x20000004                uwTickPrio
 .data.uwTickFreq
                0x20000008        0x1 ./Drivers/STM32F7xx_HAL_Driver/Src/stm32f7xx_hal.o
                0x20000008                uwTickFreq
 *fill*         0x20000009        0x3 
 .data.USBD_CDC_DeviceQualifierDesc
                0x2000000c        0xa ./Middlewares/ST/STM32_USB_Device_Library/Class/CDC/Src/usbd_cdc.o
 *fill*         0x20000016        0x2 
 .data.USBD_CDC
                0x20000018       0x38 ./Middlewares/ST/STM32_USB_Device_Library/Class/CDC/Src/usbd_cdc.o
                0x20000018                USBD_CDC
 .data.USBD_CDC_CfgDesc
                0x20000050       0x43 ./Middlewares/ST/STM32_USB_Device_Library/Class/CDC/Src/usbd_cdc.o
 .data.CDCInEpAdd
                0x20000093        0x1 ./Middlewares/ST/STM32_USB_Device_Library/Class/CDC/Src/usbd_cdc.o
 .data.CDCOutEpAdd
                0x20000094        0x1 ./Middlewares/ST/STM32_USB_Device_Library/Class/CDC/Src/usbd_cdc.o
 .data.CDCCmdEpAdd
                0x20000095        0x1 ./Middlewares/ST/STM32_USB_Device_Library/Class/CDC/Src/usbd_cdc.o
 *fill*         0x20000096        0x2 
 .data.USBD_Interface_fops_FS
                0x20000098       0x14 ./USB_DEVICE/App/usbd_cdc_if.o
                0x20000098                USBD_Interface_fops_FS
 .data.FS_Desc  0x200000ac       0x20 ./USB_DEVICE/App/usbd_desc.o
                0x200000ac                FS_Desc
 .data.USBD_FS_DeviceDesc
                0x200000cc       0x12 ./USB_DEVICE/App/usbd_desc.o
                0x200000cc                USBD_FS_DeviceDesc
 *fill*         0x200000de        0x2 
 .data.USBD_FS_BOSDesc
                0x200000e0        0xc ./USB_DEVICE/App/usbd_desc.o
                0x200000e0                USBD_FS_BOSDesc
 .data.USBD_LangIDDesc
                0x200000ec        0x4 ./USB_DEVICE/App/usbd_desc.o
                0x200000ec                USBD_LangIDDesc
 .data.USBD_StringSerial
                0x200000f0       0x1a ./USB_DEVICE/App/usbd_desc.o
                0x200000f0                USBD_StringSerial
 *fill*         0x2000010a        0x2 
 .data._impure_ptr
                0x2000010c        0x4 E:/ST/STM32CubeIDE_1.15.1/STM32CubeIDE/plugins/com.st.stm32cube.ide.mcu.externaltools.gnu-tools-for-stm32.12.3.rel1.win32_1.0.100.202403111256/tools/bin/../lib/gcc/arm-none-eabi/12.3.1/../../../../arm-none-eabi/lib/thumb/v7e-m+fp/hard\libc_nano.a(libc_a-impure.o)
                0x2000010c                _impure_ptr
 .data._impure_data
                0x20000110       0x4c E:/ST/STM32CubeIDE_1.15.1/STM32CubeIDE/plugins/com.st.stm32cube.ide.mcu.externaltools.gnu-tools-for-stm32.12.3.rel1.win32_1.0.100.202403111256/tools/bin/../lib/gcc/arm-none-eabi/12.3.1/../../../../arm-none-eabi/lib/thumb/v7e-m+fp/hard\libc_nano.a(libc_a-impure.o)
                0x20000110                _impure_data
 *(.RamFunc)
 *(.RamFunc*)
                0x2000015c                        . = ALIGN (0x4)
                0x2000015c                        _edata = .

.igot.plt       0x2000015c        0x0 load address 0x08008d90
 .igot.plt      0x2000015c        0x0 E:/ST/STM32CubeIDE_1.15.1/STM32CubeIDE/plugins/com.st.stm32cube.ide.mcu.externaltools.gnu-tools-for-stm32.12.3.rel1.win32_1.0.100.202403111256/tools/bin/../lib/gcc/arm-none-eabi/12.3.1/thumb/v7e-m+fp/hard/crtbegin.o
                0x2000015c                        . = ALIGN (0x4)

.bss            0x2000015c     0x9bf4 load address 0x08008d90
                0x2000015c                        _sbss = .
                0x2000015c                        __bss_start__ = _sbss
 *(.bss)
 .bss           0x2000015c       0x1c E:/ST/STM32CubeIDE_1.15.1/STM32CubeIDE/plugins/com.st.stm32cube.ide.mcu.externaltools.gnu-tools-for-stm32.12.3.rel1.win32_1.0.100.202403111256/tools/bin/../lib/gcc/arm-none-eabi/12.3.1/thumb/v7e-m+fp/hard/crtbegin.o
 *(.bss*)
 .bss.hi2s1     0x20000178       0x40 ./Core/Src/main.o
                0x20000178                hi2s1
 .bss.hdma_spi1_rx
                0x200001b8       0x60 ./Core/Src/main.o
                0x200001b8                hdma_spi1_rx
 .bss.adcBuff   0x20000218     0x4000 ./Core/Src/main.o
                0x20000218                adcBuff
 .bss.usbBuff1  0x20004218     0x2000 ./Core/Src/main.o
                0x20004218                usbBuff1
 .bss.usbBuff2  0x20006218     0x2000 ./Core/Src/main.o
                0x20006218                usbBuff2
 .bss.__sbrk_heap_end
                0x20008218        0x4 ./Core/Src/sysmem.o
 .bss.uwTick    0x2000821c        0x4 ./Drivers/STM32F7xx_HAL_Driver/Src/stm32f7xx_hal.o
                0x2000821c                uwTick
 .bss.cfgidx.0  0x20008220        0x1 ./Middlewares/ST/STM32_USB_Device_Library/Core/Src/usbd_ctlreq.o
 *fill*         0x20008221        0x3 
 .bss.hUsbDeviceFS
                0x20008224      0x2dc ./USB_DEVICE/App/usb_device.o
                0x20008224                hUsbDeviceFS
 .bss.UserRxBufferFS
                0x20008500      0x800 ./USB_DEVICE/App/usbd_cdc_if.o
                0x20008500                UserRxBufferFS
 .bss.UserTxBufferFS
                0x20008d00      0x800 ./USB_DEVICE/App/usbd_cdc_if.o
                0x20008d00                UserTxBufferFS
 .bss.USBD_StrDesc
                0x20009500      0x200 ./USB_DEVICE/App/usbd_desc.o
                0x20009500                USBD_StrDesc
 .bss.hpcd_USB_OTG_FS
                0x20009700      0x508 ./USB_DEVICE/Target/usbd_conf.o
                0x20009700                hpcd_USB_OTG_FS
 .bss.__malloc_sbrk_start
                0x20009c08        0x4 E:/ST/STM32CubeIDE_1.15.1/STM32CubeIDE/plugins/com.st.stm32cube.ide.mcu.externaltools.gnu-tools-for-stm32.12.3.rel1.win32_1.0.100.202403111256/tools/bin/../lib/gcc/arm-none-eabi/12.3.1/../../../../arm-none-eabi/lib/thumb/v7e-m+fp/hard\libc_nano.a(libc_a-mallocr.o)
                0x20009c08                __malloc_sbrk_start
 .bss.__malloc_free_list
                0x20009c0c        0x4 E:/ST/STM32CubeIDE_1.15.1/STM32CubeIDE/plugins/com.st.stm32cube.ide.mcu.externaltools.gnu-tools-for-stm32.12.3.rel1.win32_1.0.100.202403111256/tools/bin/../lib/gcc/arm-none-eabi/12.3.1/../../../../arm-none-eabi/lib/thumb/v7e-m+fp/hard\libc_nano.a(libc_a-mallocr.o)
                0x20009c0c                __malloc_free_list
 .bss.__sf      0x20009c10      0x138 E:/ST/STM32CubeIDE_1.15.1/STM32CubeIDE/plugins/com.st.stm32cube.ide.mcu.externaltools.gnu-tools-for-stm32.12.3.rel1.win32_1.0.100.202403111256/tools/bin/../lib/gcc/arm-none-eabi/12.3.1/../../../../arm-none-eabi/lib/thumb/v7e-m+fp/hard\libc_nano.a(libc_a-findfp.o)
                0x20009c10                __sf
 .bss.errno     0x20009d48        0x4 E:/ST/STM32CubeIDE_1.15.1/STM32CubeIDE/plugins/com.st.stm32cube.ide.mcu.externaltools.gnu-tools-for-stm32.12.3.rel1.win32_1.0.100.202403111256/tools/bin/../lib/gcc/arm-none-eabi/12.3.1/../../../../arm-none-eabi/lib/thumb/v7e-m+fp/hard\libc_nano.a(libc_a-reent.o)
                0x20009d48                errno
 .bss.__lock___malloc_recursive_mutex
                0x20009d4c        0x1 E:/ST/STM32CubeIDE_1.15.1/STM32CubeIDE/plugins/com.st.stm32cube.ide.mcu.externaltools.gnu-tools-for-stm32.12.3.rel1.win32_1.0.100.202403111256/tools/bin/../lib/gcc/arm-none-eabi/12.3.1/../../../../arm-none-eabi/lib/thumb/v7e-m+fp/hard\libc_nano.a(libc_a-lock.o)
                0x20009d4c                __lock___malloc_recursive_mutex
 *(COMMON)
                0x20009d50                        . = ALIGN (0x4)
 *fill*         0x20009d4d        0x3 
                0x20009d50                        _ebss = .
                0x20009d50                        __bss_end__ = _ebss

._user_heap_stack
                0x20009d50     0x6000 load address 0x08008d90
                0x20009d50                        . = ALIGN (0x8)
                [!provide]                        PROVIDE (end = .)
                0x20009d50                        PROVIDE (_end = .)
                0x2000bd50                        . = (. + _Min_Heap_Size)
 *fill*         0x20009d50     0x2000 
                0x2000fd50                        . = (. + _Min_Stack_Size)
 *fill*         0x2000bd50     0x4000 
                0x2000fd50                        . = ALIGN (0x8)

/DISCARD/
 libc.a(*)
 libm.a(*)
 libgcc.a(*)

.ARM.attributes
                0x00000000       0x30
 *(.ARM.attributes)
 .ARM.attributes
                0x00000000       0x22 E:/ST/STM32CubeIDE_1.15.1/STM32CubeIDE/plugins/com.st.stm32cube.ide.mcu.externaltools.gnu-tools-for-stm32.12.3.rel1.win32_1.0.100.202403111256/tools/bin/../lib/gcc/arm-none-eabi/12.3.1/thumb/v7e-m+fp/hard/crti.o
 .ARM.attributes
                0x00000022       0x34 E:/ST/STM32CubeIDE_1.15.1/STM32CubeIDE/plugins/com.st.stm32cube.ide.mcu.externaltools.gnu-tools-for-stm32.12.3.rel1.win32_1.0.100.202403111256/tools/bin/../lib/gcc/arm-none-eabi/12.3.1/thumb/v7e-m+fp/hard/crtbegin.o
 .ARM.attributes
                0x00000056       0x34 ./Core/Src/main.o
 .ARM.attributes
                0x0000008a       0x34 ./Core/Src/stm32f7xx_hal_msp.o
 .ARM.attributes
                0x000000be       0x34 ./Core/Src/stm32f7xx_it.o
 .ARM.attributes
                0x000000f2       0x34 ./Core/Src/sysmem.o
 .ARM.attributes
                0x00000126       0x34 ./Core/Src/system_stm32f7xx.o
 .ARM.attributes
                0x0000015a       0x21 ./Core/Startup/startup_stm32f730r8tx.o
 .ARM.attributes
                0x0000017b       0x34 ./Drivers/STM32F7xx_HAL_Driver/Src/stm32f7xx_hal.o
 .ARM.attributes
                0x000001af       0x34 ./Drivers/STM32F7xx_HAL_Driver/Src/stm32f7xx_hal_cortex.o
 .ARM.attributes
                0x000001e3       0x34 ./Drivers/STM32F7xx_HAL_Driver/Src/stm32f7xx_hal_dma.o
 .ARM.attributes
                0x00000217       0x34 ./Drivers/STM32F7xx_HAL_Driver/Src/stm32f7xx_hal_gpio.o
 .ARM.attributes
                0x0000024b       0x34 ./Drivers/STM32F7xx_HAL_Driver/Src/stm32f7xx_hal_i2s.o
 .ARM.attributes
                0x0000027f       0x34 ./Drivers/STM32F7xx_HAL_Driver/Src/stm32f7xx_hal_pcd.o
 .ARM.attributes
                0x000002b3       0x34 ./Drivers/STM32F7xx_HAL_Driver/Src/stm32f7xx_hal_pcd_ex.o
 .ARM.attributes
                0x000002e7       0x34 ./Drivers/STM32F7xx_HAL_Driver/Src/stm32f7xx_hal_pwr_ex.o
 .ARM.attributes
                0x0000031b       0x34 ./Drivers/STM32F7xx_HAL_Driver/Src/stm32f7xx_hal_rcc.o
 .ARM.attributes
                0x0000034f       0x34 ./Drivers/STM32F7xx_HAL_Driver/Src/stm32f7xx_hal_rcc_ex.o
 .ARM.attributes
                0x00000383       0x34 ./Drivers/STM32F7xx_HAL_Driver/Src/stm32f7xx_ll_usb.o
 .ARM.attributes
                0x000003b7       0x34 ./Middlewares/ST/STM32_USB_Device_Library/Class/CDC/Src/usbd_cdc.o
 .ARM.attributes
                0x000003eb       0x34 ./Middlewares/ST/STM32_USB_Device_Library/Core/Src/usbd_core.o
 .ARM.attributes
                0x0000041f       0x34 ./Middlewares/ST/STM32_USB_Device_Library/Core/Src/usbd_ctlreq.o
 .ARM.attributes
                0x00000453       0x34 ./Middlewares/ST/STM32_USB_Device_Library/Core/Src/usbd_ioreq.o
 .ARM.attributes
                0x00000487       0x34 ./USB_DEVICE/App/usb_device.o
 .ARM.attributes
                0x000004bb       0x34 ./USB_DEVICE/App/usbd_cdc_if.o
 .ARM.attributes
                0x000004ef       0x34 ./USB_DEVICE/App/usbd_desc.o
 .ARM.attributes
                0x00000523       0x34 ./USB_DEVICE/Target/usbd_conf.o
 .ARM.attributes
                0x00000557       0x34 E:/ST/STM32CubeIDE_1.15.1/STM32CubeIDE/plugins/com.st.stm32cube.ide.mcu.externaltools.gnu-tools-for-stm32.12.3.rel1.win32_1.0.100.202403111256/tools/bin/../lib/gcc/arm-none-eabi/12.3.1/../../../../arm-none-eabi/lib/thumb/v7e-m+fp/hard\libc_nano.a(libc_a-malloc.o)
 .ARM.attributes
                0x0000058b       0x34 E:/ST/STM32CubeIDE_1.15.1/STM32CubeIDE/plugins/com.st.stm32cube.ide.mcu.externaltools.gnu-tools-for-stm32.12.3.rel1.win32_1.0.100.202403111256/tools/bin/../lib/gcc/arm-none-eabi/12.3.1/../../../../arm-none-eabi/lib/thumb/v7e-m+fp/hard\libc_nano.a(libc_a-mallocr.o)
 .ARM.attributes
                0x000005bf       0x34 E:/ST/STM32CubeIDE_1.15.1/STM32CubeIDE/plugins/com.st.stm32cube.ide.mcu.externaltools.gnu-tools-for-stm32.12.3.rel1.win32_1.0.100.202403111256/tools/bin/../lib/gcc/arm-none-eabi/12.3.1/../../../../arm-none-eabi/lib/thumb/v7e-m+fp/hard\libc_nano.a(libc_a-mlock.o)
 .ARM.attributes
                0x000005f3       0x34 E:/ST/STM32CubeIDE_1.15.1/STM32CubeIDE/plugins/com.st.stm32cube.ide.mcu.externaltools.gnu-tools-for-stm32.12.3.rel1.win32_1.0.100.202403111256/tools/bin/../lib/gcc/arm-none-eabi/12.3.1/../../../../arm-none-eabi/lib/thumb/v7e-m+fp/hard\libc_nano.a(libc_a-findfp.o)
 .ARM.attributes
                0x00000627       0x34 E:/ST/STM32CubeIDE_1.15.1/STM32CubeIDE/plugins/com.st.stm32cube.ide.mcu.externaltools.gnu-tools-for-stm32.12.3.rel1.win32_1.0.100.202403111256/tools/bin/../lib/gcc/arm-none-eabi/12.3.1/../../../../arm-none-eabi/lib/thumb/v7e-m+fp/hard\libc_nano.a(libc_a-memset.o)
 .ARM.attributes
                0x0000065b       0x34 E:/ST/STM32CubeIDE_1.15.1/STM32CubeIDE/plugins/com.st.stm32cube.ide.mcu.externaltools.gnu-tools-for-stm32.12.3.rel1.win32_1.0.100.202403111256/tools/bin/../lib/gcc/arm-none-eabi/12.3.1/../../../../arm-none-eabi/lib/thumb/v7e-m+fp/hard\libc_nano.a(libc_a-reent.o)
 .ARM.attributes
                0x0000068f       0x34 E:/ST/STM32CubeIDE_1.15.1/STM32CubeIDE/plugins/com.st.stm32cube.ide.mcu.externaltools.gnu-tools-for-stm32.12.3.rel1.win32_1.0.100.202403111256/tools/bin/../lib/gcc/arm-none-eabi/12.3.1/../../../../arm-none-eabi/lib/thumb/v7e-m+fp/hard\libc_nano.a(libc_a-impure.o)
 .ARM.attributes
                0x000006c3       0x34 E:/ST/STM32CubeIDE_1.15.1/STM32CubeIDE/plugins/com.st.stm32cube.ide.mcu.externaltools.gnu-tools-for-stm32.12.3.rel1.win32_1.0.100.202403111256/tools/bin/../lib/gcc/arm-none-eabi/12.3.1/../../../../arm-none-eabi/lib/thumb/v7e-m+fp/hard\libc_nano.a(libc_a-sbrkr.o)
 .ARM.attributes
                0x000006f7       0x34 E:/ST/STM32CubeIDE_1.15.1/STM32CubeIDE/plugins/com.st.stm32cube.ide.mcu.externaltools.gnu-tools-for-stm32.12.3.rel1.win32_1.0.100.202403111256/tools/bin/../lib/gcc/arm-none-eabi/12.3.1/../../../../arm-none-eabi/lib/thumb/v7e-m+fp/hard\libc_nano.a(libc_a-errno.o)
 .ARM.attributes
                0x0000072b       0x34 E:/ST/STM32CubeIDE_1.15.1/STM32CubeIDE/plugins/com.st.stm32cube.ide.mcu.externaltools.gnu-tools-for-stm32.12.3.rel1.win32_1.0.100.202403111256/tools/bin/../lib/gcc/arm-none-eabi/12.3.1/../../../../arm-none-eabi/lib/thumb/v7e-m+fp/hard\libc_nano.a(libc_a-init.o)
 .ARM.attributes
                0x0000075f       0x34 E:/ST/STM32CubeIDE_1.15.1/STM32CubeIDE/plugins/com.st.stm32cube.ide.mcu.externaltools.gnu-tools-for-stm32.12.3.rel1.win32_1.0.100.202403111256/tools/bin/../lib/gcc/arm-none-eabi/12.3.1/../../../../arm-none-eabi/lib/thumb/v7e-m+fp/hard\libc_nano.a(libc_a-lock.o)
 .ARM.attributes
                0x00000793       0x34 E:/ST/STM32CubeIDE_1.15.1/STM32CubeIDE/plugins/com.st.stm32cube.ide.mcu.externaltools.gnu-tools-for-stm32.12.3.rel1.win32_1.0.100.202403111256/tools/bin/../lib/gcc/arm-none-eabi/12.3.1/../../../../arm-none-eabi/lib/thumb/v7e-m+fp/hard\libc_nano.a(libc_a-freer.o)
 .ARM.attributes
                0x000007c7       0x22 E:/ST/STM32CubeIDE_1.15.1/STM32CubeIDE/plugins/com.st.stm32cube.ide.mcu.externaltools.gnu-tools-for-stm32.12.3.rel1.win32_1.0.100.202403111256/tools/bin/../lib/gcc/arm-none-eabi/12.3.1/thumb/v7e-m+fp/hard\libgcc.a(_aeabi_uldivmod.o)
 .ARM.attributes
                0x000007e9       0x34 E:/ST/STM32CubeIDE_1.15.1/STM32CubeIDE/plugins/com.st.stm32cube.ide.mcu.externaltools.gnu-tools-for-stm32.12.3.rel1.win32_1.0.100.202403111256/tools/bin/../lib/gcc/arm-none-eabi/12.3.1/thumb/v7e-m+fp/hard\libgcc.a(_udivmoddi4.o)
 .ARM.attributes
                0x0000081d       0x22 E:/ST/STM32CubeIDE_1.15.1/STM32CubeIDE/plugins/com.st.stm32cube.ide.mcu.externaltools.gnu-tools-for-stm32.12.3.rel1.win32_1.0.100.202403111256/tools/bin/../lib/gcc/arm-none-eabi/12.3.1/thumb/v7e-m+fp/hard\libgcc.a(_dvmd_tls.o)
 .ARM.attributes
                0x0000083f       0x22 E:/ST/STM32CubeIDE_1.15.1/STM32CubeIDE/plugins/com.st.stm32cube.ide.mcu.externaltools.gnu-tools-for-stm32.12.3.rel1.win32_1.0.100.202403111256/tools/bin/../lib/gcc/arm-none-eabi/12.3.1/thumb/v7e-m+fp/hard/crtn.o
OUTPUT(MA_THESIS_BAT_Loopback_Starter.elf elf32-littlearm)
LOAD linker stubs
LOAD E:/ST/STM32CubeIDE_1.15.1/STM32CubeIDE/plugins/com.st.stm32cube.ide.mcu.externaltools.gnu-tools-for-stm32.12.3.rel1.win32_1.0.100.202403111256/tools/bin/../lib/gcc/arm-none-eabi/12.3.1/../../../../arm-none-eabi/lib/thumb/v7e-m+fp/hard\libc.a
LOAD E:/ST/STM32CubeIDE_1.15.1/STM32CubeIDE/plugins/com.st.stm32cube.ide.mcu.externaltools.gnu-tools-for-stm32.12.3.rel1.win32_1.0.100.202403111256/tools/bin/../lib/gcc/arm-none-eabi/12.3.1/../../../../arm-none-eabi/lib/thumb/v7e-m+fp/hard\libm.a
LOAD E:/ST/STM32CubeIDE_1.15.1/STM32CubeIDE/plugins/com.st.stm32cube.ide.mcu.externaltools.gnu-tools-for-stm32.12.3.rel1.win32_1.0.100.202403111256/tools/bin/../lib/gcc/arm-none-eabi/12.3.1/thumb/v7e-m+fp/hard\libgcc.a

.debug_info     0x00000000    0x11dee
 .debug_info    0x00000000     0x10de ./Core/Src/main.o
 .debug_info    0x000010de      0xb64 ./Core/Src/stm32f7xx_hal_msp.o
 .debug_info    0x00001c42      0x8ca ./Core/Src/stm32f7xx_it.o
 .debug_info    0x0000250c      0x168 ./Core/Src/sysmem.o
 .debug_info    0x00002674      0x6ed ./Core/Src/system_stm32f7xx.o
 .debug_info    0x00002d61       0x30 ./Core/Startup/startup_stm32f730r8tx.o
 .debug_info    0x00002d91      0x996 ./Drivers/STM32F7xx_HAL_Driver/Src/stm32f7xx_hal.o
 .debug_info    0x00003727      0xf07 ./Drivers/STM32F7xx_HAL_Driver/Src/stm32f7xx_hal_cortex.o
 .debug_info    0x0000462e      0x8e7 ./Drivers/STM32F7xx_HAL_Driver/Src/stm32f7xx_hal_dma.o
 .debug_info    0x00004f15      0x6e7 ./Drivers/STM32F7xx_HAL_Driver/Src/stm32f7xx_hal_gpio.o
 .debug_info    0x000055fc      0xef6 ./Drivers/STM32F7xx_HAL_Driver/Src/stm32f7xx_hal_i2s.o
 .debug_info    0x000064f2     0x156c ./Drivers/STM32F7xx_HAL_Driver/Src/stm32f7xx_hal_pcd.o
 .debug_info    0x00007a5e      0x78b ./Drivers/STM32F7xx_HAL_Driver/Src/stm32f7xx_hal_pcd_ex.o
 .debug_info    0x000081e9      0x8cd ./Drivers/STM32F7xx_HAL_Driver/Src/stm32f7xx_hal_pwr_ex.o
 .debug_info    0x00008ab6      0x8e8 ./Drivers/STM32F7xx_HAL_Driver/Src/stm32f7xx_hal_rcc.o
 .debug_info    0x0000939e      0x6b2 ./Drivers/STM32F7xx_HAL_Driver/Src/stm32f7xx_hal_rcc_ex.o
 .debug_info    0x00009a50     0x1a65 ./Drivers/STM32F7xx_HAL_Driver/Src/stm32f7xx_ll_usb.o
 .debug_info    0x0000b4b5     0x12ef ./Middlewares/ST/STM32_USB_Device_Library/Class/CDC/Src/usbd_cdc.o
 .debug_info    0x0000c7a4      0xe12 ./Middlewares/ST/STM32_USB_Device_Library/Core/Src/usbd_core.o
 .debug_info    0x0000d5b6      0xaeb ./Middlewares/ST/STM32_USB_Device_Library/Core/Src/usbd_ctlreq.o
 .debug_info    0x0000e0a1      0x762 ./Middlewares/ST/STM32_USB_Device_Library/Core/Src/usbd_ioreq.o
 .debug_info    0x0000e803      0x70e ./USB_DEVICE/App/usb_device.o
 .debug_info    0x0000ef11      0x907 ./USB_DEVICE/App/usbd_cdc_if.o
 .debug_info    0x0000f818      0x4ba ./USB_DEVICE/App/usbd_desc.o
 .debug_info    0x0000fcd2     0x211c ./USB_DEVICE/Target/usbd_conf.o

.debug_abbrev   0x00000000     0x34b9
 .debug_abbrev  0x00000000      0x314 ./Core/Src/main.o
 .debug_abbrev  0x00000314      0x1e3 ./Core/Src/stm32f7xx_hal_msp.o
 .debug_abbrev  0x000004f7      0x1d2 ./Core/Src/stm32f7xx_it.o
 .debug_abbrev  0x000006c9       0xbc ./Core/Src/sysmem.o
 .debug_abbrev  0x00000785      0x13b ./Core/Src/system_stm32f7xx.o
 .debug_abbrev  0x000008c0       0x24 ./Core/Startup/startup_stm32f730r8tx.o
 .debug_abbrev  0x000008e4      0x213 ./Drivers/STM32F7xx_HAL_Driver/Src/stm32f7xx_hal.o
 .debug_abbrev  0x00000af7      0x329 ./Drivers/STM32F7xx_HAL_Driver/Src/stm32f7xx_hal_cortex.o
 .debug_abbrev  0x00000e20      0x264 ./Drivers/STM32F7xx_HAL_Driver/Src/stm32f7xx_hal_dma.o
 .debug_abbrev  0x00001084      0x1d4 ./Drivers/STM32F7xx_HAL_Driver/Src/stm32f7xx_hal_gpio.o
 .debug_abbrev  0x00001258      0x26f ./Drivers/STM32F7xx_HAL_Driver/Src/stm32f7xx_hal_i2s.o
 .debug_abbrev  0x000014c7      0x2e7 ./Drivers/STM32F7xx_HAL_Driver/Src/stm32f7xx_hal_pcd.o
 .debug_abbrev  0x000017ae      0x1ca ./Drivers/STM32F7xx_HAL_Driver/Src/stm32f7xx_hal_pcd_ex.o
 .debug_abbrev  0x00001978      0x1d5 ./Drivers/STM32F7xx_HAL_Driver/Src/stm32f7xx_hal_pwr_ex.o
 .debug_abbrev  0x00001b4d      0x288 ./Drivers/STM32F7xx_HAL_Driver/Src/stm32f7xx_hal_rcc.o
 .debug_abbrev  0x00001dd5      0x1a5 ./Drivers/STM32F7xx_HAL_Driver/Src/stm32f7xx_hal_rcc_ex.o
 .debug_abbrev  0x00001f7a      0x2a7 ./Drivers/STM32F7xx_HAL_Driver/Src/stm32f7xx_ll_usb.o
 .debug_abbrev  0x00002221      0x2d2 ./Middlewares/ST/STM32_USB_Device_Library/Class/CDC/Src/usbd_cdc.o
 .debug_abbrev  0x000024f3      0x27c ./Middlewares/ST/STM32_USB_Device_Library/Core/Src/usbd_core.o
 .debug_abbrev  0x0000276f      0x26f ./Middlewares/ST/STM32_USB_Device_Library/Core/Src/usbd_ctlreq.o
 .debug_abbrev  0x000029de      0x19a ./Middlewares/ST/STM32_USB_Device_Library/Core/Src/usbd_ioreq.o
 .debug_abbrev  0x00002b78      0x195 ./USB_DEVICE/App/usb_device.o
 .debug_abbrev  0x00002d0d      0x29d ./USB_DEVICE/App/usbd_cdc_if.o
 .debug_abbrev  0x00002faa      0x1e3 ./USB_DEVICE/App/usbd_desc.o
 .debug_abbrev  0x0000318d      0x32c ./USB_DEVICE/Target/usbd_conf.o

.debug_aranges  0x00000000      0xe38
 .debug_aranges
                0x00000000       0x60 ./Core/Src/main.o
 .debug_aranges
                0x00000060       0x30 ./Core/Src/stm32f7xx_hal_msp.o
 .debug_aranges
                0x00000090       0x70 ./Core/Src/stm32f7xx_it.o
 .debug_aranges
                0x00000100       0x20 ./Core/Src/sysmem.o
 .debug_aranges
                0x00000120       0x28 ./Core/Src/system_stm32f7xx.o
 .debug_aranges
                0x00000148       0x28 ./Core/Startup/startup_stm32f730r8tx.o
 .debug_aranges
                0x00000170      0x100 ./Drivers/STM32F7xx_HAL_Driver/Src/stm32f7xx_hal.o
 .debug_aranges
                0x00000270      0x118 ./Drivers/STM32F7xx_HAL_Driver/Src/stm32f7xx_hal_cortex.o
 .debug_aranges
                0x00000388       0x90 ./Drivers/STM32F7xx_HAL_Driver/Src/stm32f7xx_hal_dma.o
 .debug_aranges
                0x00000418       0x58 ./Drivers/STM32F7xx_HAL_Driver/Src/stm32f7xx_hal_gpio.o
 .debug_aranges
                0x00000470      0x108 ./Drivers/STM32F7xx_HAL_Driver/Src/stm32f7xx_hal_i2s.o
 .debug_aranges
                0x00000578      0x148 ./Drivers/STM32F7xx_HAL_Driver/Src/stm32f7xx_hal_pcd.o
 .debug_aranges
                0x000006c0       0x48 ./Drivers/STM32F7xx_HAL_Driver/Src/stm32f7xx_hal_pcd_ex.o
 .debug_aranges
                0x00000708       0x80 ./Drivers/STM32F7xx_HAL_Driver/Src/stm32f7xx_hal_pwr_ex.o
 .debug_aranges
                0x00000788       0x88 ./Drivers/STM32F7xx_HAL_Driver/Src/stm32f7xx_hal_rcc.o
 .debug_aranges
                0x00000810       0x50 ./Drivers/STM32F7xx_HAL_Driver/Src/stm32f7xx_hal_rcc_ex.o
 .debug_aranges
                0x00000860      0x1b0 ./Drivers/STM32F7xx_HAL_Driver/Src/stm32f7xx_ll_usb.o
 .debug_aranges
                0x00000a10       0x90 ./Middlewares/ST/STM32_USB_Device_Library/Class/CDC/Src/usbd_cdc.o
 .debug_aranges
                0x00000aa0       0xd8 ./Middlewares/ST/STM32_USB_Device_Library/Core/Src/usbd_core.o
 .debug_aranges
                0x00000b78       0x90 ./Middlewares/ST/STM32_USB_Device_Library/Core/Src/usbd_ctlreq.o
 .debug_aranges
                0x00000c08       0x50 ./Middlewares/ST/STM32_USB_Device_Library/Core/Src/usbd_ioreq.o
 .debug_aranges
                0x00000c58       0x20 ./USB_DEVICE/App/usb_device.o
 .debug_aranges
                0x00000c78       0x48 ./USB_DEVICE/App/usbd_cdc_if.o
 .debug_aranges
                0x00000cc0       0x68 ./USB_DEVICE/App/usbd_desc.o
 .debug_aranges
                0x00000d28      0x110 ./USB_DEVICE/Target/usbd_conf.o

.debug_rnglists
                0x00000000      0xa8e
 .debug_rnglists
                0x00000000       0x47 ./Core/Src/main.o
 .debug_rnglists
                0x00000047       0x20 ./Core/Src/stm32f7xx_hal_msp.o
 .debug_rnglists
                0x00000067       0x4f ./Core/Src/stm32f7xx_it.o
 .debug_rnglists
                0x000000b6       0x13 ./Core/Src/sysmem.o
 .debug_rnglists
                0x000000c9       0x1a ./Core/Src/system_stm32f7xx.o
 .debug_rnglists
                0x000000e3       0x19 ./Core/Startup/startup_stm32f730r8tx.o
 .debug_rnglists
                0x000000fc       0xbb ./Drivers/STM32F7xx_HAL_Driver/Src/stm32f7xx_hal.o
 .debug_rnglists
                0x000001b7       0xce ./Drivers/STM32F7xx_HAL_Driver/Src/stm32f7xx_hal_cortex.o
 .debug_rnglists
                0x00000285       0x70 ./Drivers/STM32F7xx_HAL_Driver/Src/stm32f7xx_hal_dma.o
 .debug_rnglists
                0x000002f5       0x3f ./Drivers/STM32F7xx_HAL_Driver/Src/stm32f7xx_hal_gpio.o
 .debug_rnglists
                0x00000334       0xcc ./Drivers/STM32F7xx_HAL_Driver/Src/stm32f7xx_hal_i2s.o
 .debug_rnglists
                0x00000400       0xfc ./Drivers/STM32F7xx_HAL_Driver/Src/stm32f7xx_hal_pcd.o
 .debug_rnglists
                0x000004fc       0x32 ./Drivers/STM32F7xx_HAL_Driver/Src/stm32f7xx_hal_pcd_ex.o
 .debug_rnglists
                0x0000052e       0x5f ./Drivers/STM32F7xx_HAL_Driver/Src/stm32f7xx_hal_pwr_ex.o
 .debug_rnglists
                0x0000058d       0x67 ./Drivers/STM32F7xx_HAL_Driver/Src/stm32f7xx_hal_rcc.o
 .debug_rnglists
                0x000005f4       0x3c ./Drivers/STM32F7xx_HAL_Driver/Src/stm32f7xx_hal_rcc_ex.o
 .debug_rnglists
                0x00000630      0x154 ./Drivers/STM32F7xx_HAL_Driver/Src/stm32f7xx_ll_usb.o
 .debug_rnglists
                0x00000784       0x6c ./Middlewares/ST/STM32_USB_Device_Library/Class/CDC/Src/usbd_cdc.o
 .debug_rnglists
                0x000007f0       0xa1 ./Middlewares/ST/STM32_USB_Device_Library/Core/Src/usbd_core.o
 .debug_rnglists
                0x00000891       0x6e ./Middlewares/ST/STM32_USB_Device_Library/Core/Src/usbd_ctlreq.o
 .debug_rnglists
                0x000008ff       0x37 ./Middlewares/ST/STM32_USB_Device_Library/Core/Src/usbd_ioreq.o
 .debug_rnglists
                0x00000936       0x13 ./USB_DEVICE/App/usb_device.o
 .debug_rnglists
                0x00000949       0x32 ./USB_DEVICE/App/usbd_cdc_if.o
 .debug_rnglists
                0x0000097b       0x49 ./USB_DEVICE/App/usbd_desc.o
 .debug_rnglists
                0x000009c4       0xca ./USB_DEVICE/Target/usbd_conf.o

.debug_macro    0x00000000    0x24966
 .debug_macro   0x00000000      0x3ad ./Core/Src/main.o
 .debug_macro   0x000003ad      0xab4 ./Core/Src/main.o
 .debug_macro   0x00000e61      0x293 ./Core/Src/main.o
 .debug_macro   0x000010f4       0x2e ./Core/Src/main.o
 .debug_macro   0x00001122       0x3b ./Core/Src/main.o
 .debug_macro   0x0000115d       0x22 ./Core/Src/main.o
 .debug_macro   0x0000117f       0x8e ./Core/Src/main.o
 .debug_macro   0x0000120d       0x51 ./Core/Src/main.o
 .debug_macro   0x0000125e      0x103 ./Core/Src/main.o
 .debug_macro   0x00001361       0x6a ./Core/Src/main.o
 .debug_macro   0x000013cb      0x1df ./Core/Src/main.o
 .debug_macro   0x000015aa       0x1c ./Core/Src/main.o
 .debug_macro   0x000015c6       0x22 ./Core/Src/main.o
 .debug_macro   0x000015e8       0xd9 ./Core/Src/main.o
 .debug_macro   0x000016c1     0x12cd ./Core/Src/main.o
 .debug_macro   0x0000298e      0x11f ./Core/Src/main.o
 .debug_macro   0x00002aad       0x19 ./Core/Src/main.o
 .debug_macro   0x00002ac6    0x16217 ./Core/Src/main.o
 .debug_macro   0x00018cdd       0x6d ./Core/Src/main.o
 .debug_macro   0x00018d4a     0x3749 ./Core/Src/main.o
 .debug_macro   0x0001c493      0x189 ./Core/Src/main.o
 .debug_macro   0x0001c61c       0x63 ./Core/Src/main.o
 .debug_macro   0x0001c67f     0x15f8 ./Core/Src/main.o
 .debug_macro   0x0001dc77      0x6c4 ./Core/Src/main.o
 .debug_macro   0x0001e33b      0x17e ./Core/Src/main.o
 .debug_macro   0x0001e4b9      0x115 ./Core/Src/main.o
 .debug_macro   0x0001e5ce      0x1d8 ./Core/Src/main.o
 .debug_macro   0x0001e7a6       0xa5 ./Core/Src/main.o
 .debug_macro   0x0001e84b      0x24f ./Core/Src/main.o
 .debug_macro   0x0001ea9a       0x71 ./Core/Src/main.o
 .debug_macro   0x0001eb0b       0x58 ./Core/Src/main.o
 .debug_macro   0x0001eb63      0x236 ./Core/Src/main.o
 .debug_macro   0x0001ed99      0x138 ./Core/Src/main.o
 .debug_macro   0x0001eed1      0x28b ./Core/Src/main.o
 .debug_macro   0x0001f15c       0x12 ./Core/Src/main.o
 .debug_macro   0x0001f16e      0x22c ./Core/Src/main.o
 .debug_macro   0x0001f39a       0x61 ./Core/Src/main.o
 .debug_macro   0x0001f3fb       0xa5 ./Core/Src/main.o
 .debug_macro   0x0001f4a0      0x1d8 ./Core/Src/main.o
 .debug_macro   0x0001f678      0x12e ./Core/Src/main.o
 .debug_macro   0x0001f7a6      0x108 ./Core/Src/main.o
 .debug_macro   0x0001f8ae       0x35 ./Core/Src/main.o
 .debug_macro   0x0001f8e3      0x25d ./Core/Src/main.o
 .debug_macro   0x0001fb40       0xba ./Core/Src/main.o
 .debug_macro   0x0001fbfa      0x14d ./Core/Src/main.o
 .debug_macro   0x0001fd47       0x61 ./Core/Src/main.o
 .debug_macro   0x0001fda8       0x2a ./Core/Src/main.o
 .debug_macro   0x0001fdd2       0x43 ./Core/Src/main.o
 .debug_macro   0x0001fe15       0x34 ./Core/Src/main.o
 .debug_macro   0x0001fe49       0x16 ./Core/Src/main.o
 .debug_macro   0x0001fe5f       0x35 ./Core/Src/main.o
 .debug_macro   0x0001fe94      0x369 ./Core/Src/main.o
 .debug_macro   0x000201fd       0x10 ./Core/Src/main.o
 .debug_macro   0x0002020d       0x16 ./Core/Src/main.o
 .debug_macro   0x00020223       0x43 ./Core/Src/main.o
 .debug_macro   0x00020266       0x34 ./Core/Src/main.o
 .debug_macro   0x0002029a       0x10 ./Core/Src/main.o
 .debug_macro   0x000202aa       0x58 ./Core/Src/main.o
 .debug_macro   0x00020302       0x8e ./Core/Src/main.o
 .debug_macro   0x00020390       0x1c ./Core/Src/main.o
 .debug_macro   0x000203ac      0x177 ./Core/Src/main.o
 .debug_macro   0x00020523       0x16 ./Core/Src/main.o
 .debug_macro   0x00020539       0x16 ./Core/Src/main.o
 .debug_macro   0x0002054f      0x146 ./Core/Src/main.o
 .debug_macro   0x00020695       0x16 ./Core/Src/main.o
 .debug_macro   0x000206ab       0x16 ./Core/Src/main.o
 .debug_macro   0x000206c1       0x29 ./Core/Src/main.o
 .debug_macro   0x000206ea       0x16 ./Core/Src/main.o
 .debug_macro   0x00020700       0x20 ./Core/Src/main.o
 .debug_macro   0x00020720       0x65 ./Core/Src/main.o
 .debug_macro   0x00020785      0x20f ./Core/Src/main.o
 .debug_macro   0x00020994       0x95 ./Core/Src/main.o
 .debug_macro   0x00020a29       0x10 ./Core/Src/main.o
 .debug_macro   0x00020a39      0x1f3 ./Core/Src/stm32f7xx_hal_msp.o
 .debug_macro   0x00020c2c      0x1fd ./Core/Src/stm32f7xx_it.o
 .debug_macro   0x00020e29       0xff ./Core/Src/sysmem.o
 .debug_macro   0x00020f28      0x23c ./Core/Src/sysmem.o
 .debug_macro   0x00021164      0x1e9 ./Core/Src/system_stm32f7xx.o
 .debug_macro   0x0002134d      0x20d ./Drivers/STM32F7xx_HAL_Driver/Src/stm32f7xx_hal.o
 .debug_macro   0x0002155a      0x1e9 ./Drivers/STM32F7xx_HAL_Driver/Src/stm32f7xx_hal_cortex.o
 .debug_macro   0x00021743      0x1ef ./Drivers/STM32F7xx_HAL_Driver/Src/stm32f7xx_hal_dma.o
 .debug_macro   0x00021932      0x1ef ./Drivers/STM32F7xx_HAL_Driver/Src/stm32f7xx_hal_gpio.o
 .debug_macro   0x00021b21      0x1f1 ./Drivers/STM32F7xx_HAL_Driver/Src/stm32f7xx_hal_i2s.o
 .debug_macro   0x00021d12      0x1f5 ./Drivers/STM32F7xx_HAL_Driver/Src/stm32f7xx_hal_pcd.o
 .debug_macro   0x00021f07      0x1e9 ./Drivers/STM32F7xx_HAL_Driver/Src/stm32f7xx_hal_pcd_ex.o
 .debug_macro   0x000220f0      0x201 ./Drivers/STM32F7xx_HAL_Driver/Src/stm32f7xx_hal_pwr_ex.o
 .debug_macro   0x000222f1      0x20d ./Drivers/STM32F7xx_HAL_Driver/Src/stm32f7xx_hal_rcc.o
 .debug_macro   0x000224fe      0x1e9 ./Drivers/STM32F7xx_HAL_Driver/Src/stm32f7xx_hal_rcc_ex.o
 .debug_macro   0x000226e7      0x1e9 ./Drivers/STM32F7xx_HAL_Driver/Src/stm32f7xx_ll_usb.o
 .debug_macro   0x000228d0      0x382 ./Middlewares/ST/STM32_USB_Device_Library/Class/CDC/Src/usbd_cdc.o
 .debug_macro   0x00022c52       0x9e ./Middlewares/ST/STM32_USB_Device_Library/Class/CDC/Src/usbd_cdc.o
 .debug_macro   0x00022cf0      0x10b ./Middlewares/ST/STM32_USB_Device_Library/Class/CDC/Src/usbd_cdc.o
 .debug_macro   0x00022dfb       0x5d ./Middlewares/ST/STM32_USB_Device_Library/Class/CDC/Src/usbd_cdc.o
 .debug_macro   0x00022e58      0x369 ./Middlewares/ST/STM32_USB_Device_Library/Core/Src/usbd_core.o
 .debug_macro   0x000231c1      0x215 ./Middlewares/ST/STM32_USB_Device_Library/Core/Src/usbd_core.o
 .debug_macro   0x000233d6      0x373 ./Middlewares/ST/STM32_USB_Device_Library/Core/Src/usbd_ctlreq.o
 .debug_macro   0x00023749      0x36f ./Middlewares/ST/STM32_USB_Device_Library/Core/Src/usbd_ioreq.o
 .debug_macro   0x00023ab8      0x3a8 ./USB_DEVICE/App/usb_device.o
 .debug_macro   0x00023e60       0x22 ./USB_DEVICE/App/usb_device.o
 .debug_macro   0x00023e82       0x16 ./USB_DEVICE/App/usb_device.o
 .debug_macro   0x00023e98      0x38d ./USB_DEVICE/App/usbd_cdc_if.o
 .debug_macro   0x00024225      0x3ac ./USB_DEVICE/App/usbd_desc.o
 .debug_macro   0x000245d1       0x1c ./USB_DEVICE/App/usbd_desc.o
 .debug_macro   0x000245ed      0x379 ./USB_DEVICE/Target/usbd_conf.o

.debug_line     0x00000000    0x13acd
 .debug_line    0x00000000      0xcaa ./Core/Src/main.o
 .debug_line    0x00000caa      0x804 ./Core/Src/stm32f7xx_hal_msp.o
 .debug_line    0x000014ae      0x866 ./Core/Src/stm32f7xx_it.o
 .debug_line    0x00001d14      0x583 ./Core/Src/sysmem.o
 .debug_line    0x00002297      0x7f6 ./Core/Src/system_stm32f7xx.o
 .debug_line    0x00002a8d       0x7a ./Core/Startup/startup_stm32f730r8tx.o
 .debug_line    0x00002b07      0xa96 ./Drivers/STM32F7xx_HAL_Driver/Src/stm32f7xx_hal.o
 .debug_line    0x0000359d      0xd0e ./Drivers/STM32F7xx_HAL_Driver/Src/stm32f7xx_hal_cortex.o
 .debug_line    0x000042ab      0xfe5 ./Drivers/STM32F7xx_HAL_Driver/Src/stm32f7xx_hal_dma.o
 .debug_line    0x00005290      0xbee ./Drivers/STM32F7xx_HAL_Driver/Src/stm32f7xx_hal_gpio.o
 .debug_line    0x00005e7e     0x113a ./Drivers/STM32F7xx_HAL_Driver/Src/stm32f7xx_hal_i2s.o
 .debug_line    0x00006fb8     0x1525 ./Drivers/STM32F7xx_HAL_Driver/Src/stm32f7xx_hal_pcd.o
 .debug_line    0x000084dd      0x895 ./Drivers/STM32F7xx_HAL_Driver/Src/stm32f7xx_hal_pcd_ex.o
 .debug_line    0x00008d72      0xa1a ./Drivers/STM32F7xx_HAL_Driver/Src/stm32f7xx_hal_pwr_ex.o
 .debug_line    0x0000978c      0xec5 ./Drivers/STM32F7xx_HAL_Driver/Src/stm32f7xx_hal_rcc.o
 .debug_line    0x0000a651      0xdcf ./Drivers/STM32F7xx_HAL_Driver/Src/stm32f7xx_hal_rcc_ex.o
 .debug_line    0x0000b420     0x1df0 ./Drivers/STM32F7xx_HAL_Driver/Src/stm32f7xx_ll_usb.o
 .debug_line    0x0000d210      0xef9 ./Middlewares/ST/STM32_USB_Device_Library/Class/CDC/Src/usbd_cdc.o
 .debug_line    0x0000e109      0xf71 ./Middlewares/ST/STM32_USB_Device_Library/Core/Src/usbd_core.o
 .debug_line    0x0000f07a     0x1167 ./Middlewares/ST/STM32_USB_Device_Library/Core/Src/usbd_ctlreq.o
 .debug_line    0x000101e1      0xa8d ./Middlewares/ST/STM32_USB_Device_Library/Core/Src/usbd_ioreq.o
 .debug_line    0x00010c6e      0xa49 ./USB_DEVICE/App/usb_device.o
 .debug_line    0x000116b7      0xaac ./USB_DEVICE/App/usbd_cdc_if.o
 .debug_line    0x00012163      0xb2d ./USB_DEVICE/App/usbd_desc.o
 .debug_line    0x00012c90      0xe3d ./USB_DEVICE/Target/usbd_conf.o

.debug_str      0x00000000    0xd451e
 .debug_str     0x00000000    0xd05e3 ./Core/Src/main.o
                              0xd0db0 (size before relaxing)
 .debug_str     0x000d05e3      0x2de ./Core/Src/stm32f7xx_hal_msp.o
                              0xcc1a8 (size before relaxing)
 .debug_str     0x000d08c1      0x48e ./Core/Src/stm32f7xx_it.o
                              0xcbfd9 (size before relaxing)
 .debug_str     0x000d0d4f      0x4dc ./Core/Src/sysmem.o
                               0x60e2 (size before relaxing)
 .debug_str     0x000d122b      0x1a4 ./Core/Src/system_stm32f7xx.o
                              0xcbb7a (size before relaxing)
 .debug_str     0x000d13cf       0x44 ./Core/Startup/startup_stm32f730r8tx.o
                                 0x93 (size before relaxing)